Component: ARM Compiler 5.06 update 7 (build 960) Tool: armlink [4d3601]

==============================================================================

Section Cross References

    startup_stm32f103xe.o(STACK) refers (Special) to heapauxi.o(.text) for __use_two_region_memory
    startup_stm32f103xe.o(HEAP) refers (Special) to heapauxi.o(.text) for __use_two_region_memory
    startup_stm32f103xe.o(RESET) refers (Special) to heapauxi.o(.text) for __use_two_region_memory
    startup_stm32f103xe.o(RESET) refers to startup_stm32f103xe.o(STACK) for __initial_sp
    startup_stm32f103xe.o(RESET) refers to startup_stm32f103xe.o(.text) for Reset_Handler
    startup_stm32f103xe.o(RESET) refers to stm32f1xx_it.o(i.NMI_Handler) for NMI_Handler
    startup_stm32f103xe.o(RESET) refers to stm32f1xx_it.o(i.HardFault_Handler) for HardFault_Handler
    startup_stm32f103xe.o(RESET) refers to stm32f1xx_it.o(i.MemManage_Handler) for MemManage_Handler
    startup_stm32f103xe.o(RESET) refers to stm32f1xx_it.o(i.BusFault_Handler) for BusFault_Handler
    startup_stm32f103xe.o(RESET) refers to stm32f1xx_it.o(i.UsageFault_Handler) for UsageFault_Handler
    startup_stm32f103xe.o(RESET) refers to stm32f1xx_it.o(i.SVC_Handler) for SVC_Handler
    startup_stm32f103xe.o(RESET) refers to stm32f1xx_it.o(i.DebugMon_Handler) for DebugMon_Handler
    startup_stm32f103xe.o(RESET) refers to stm32f1xx_it.o(i.PendSV_Handler) for PendSV_Handler
    startup_stm32f103xe.o(RESET) refers to stm32f1xx_it.o(i.SysTick_Handler) for SysTick_Handler
    startup_stm32f103xe.o(RESET) refers to usmart_port.o(i.TIM4_IRQHandler) for TIM4_IRQHandler
    startup_stm32f103xe.o(RESET) refers to usart.o(i.USART1_IRQHandler) for USART1_IRQHandler
    startup_stm32f103xe.o(.text) refers (Special) to heapauxi.o(.text) for __use_two_region_memory
    startup_stm32f103xe.o(.text) refers to system_stm32f1xx.o(i.SystemInit) for SystemInit
    startup_stm32f103xe.o(.text) refers to __main.o(!!!main) for __main
    startup_stm32f103xe.o(.text) refers to startup_stm32f103xe.o(HEAP) for Heap_Mem
    startup_stm32f103xe.o(.text) refers to startup_stm32f103xe.o(STACK) for Stack_Mem
    main.o(i.main) refers to stm32f1xx_hal.o(i.HAL_Init) for HAL_Init
    main.o(i.main) refers to sys.o(i.sys_stm32_clock_init) for sys_stm32_clock_init
    main.o(i.main) refers to delay.o(i.delay_init) for delay_init
    main.o(i.main) refers to usart.o(i.usart_init) for usart_init
    main.o(i.main) refers to led.o(i.led_init) for led_init
    main.o(i.main) refers to lcd.o(i.lcd_init) for lcd_init
    main.o(i.main) refers to key.o(i.key_init) for key_init
    main.o(i.main) refers to malloc.o(i.my_mem_init) for my_mem_init
    main.o(i.main) refers to lcd.o(i.lcd_show_string) for lcd_show_string
    main.o(i.main) refers to delay.o(i.delay_ms) for delay_ms
    main.o(i.main) refers to stm32f1xx_hal_gpio.o(i.HAL_GPIO_TogglePin) for HAL_GPIO_TogglePin
    main.o(i.main) refers to sdio_sdcard.o(i.sd_init) for sd_init
    main.o(i.main) refers to exfuns.o(i.exfuns_init) for exfuns_init
    main.o(i.main) refers to ff.o(i.f_mount) for f_mount
    main.o(i.main) refers to ff.o(i.f_mkfs) for f_mkfs
    main.o(i.main) refers to ff.o(i.f_setlabel) for f_setlabel
    main.o(i.main) refers to lcd.o(i.lcd_fill) for lcd_fill
    main.o(i.main) refers to exfuns.o(i.exfuns_get_free) for exfuns_get_free
    main.o(i.main) refers to lcd.o(i.lcd_show_num) for lcd_show_num
    main.o(i.main) refers to usmart_config.o(.data) for usmart_dev
    main.o(i.main) refers to exfuns.o(.data) for fs
    system_stm32f1xx.o(i.SystemCoreClockUpdate) refers to system_stm32f1xx.o(.data) for SystemCoreClock
    system_stm32f1xx.o(i.SystemCoreClockUpdate) refers to system_stm32f1xx.o(.constdata) for AHBPrescTable
    stm32f1xx_it.o(i.SysTick_Handler) refers to stm32f1xx_hal.o(i.HAL_IncTick) for HAL_IncTick
    delay.o(i.HAL_Delay) refers to delay.o(i.delay_ms) for delay_ms
    delay.o(i.delay_init) refers to delay.o(.data) for g_fac_us
    delay.o(i.delay_ms) refers to delay.o(i.delay_us) for delay_us
    delay.o(i.delay_us) refers to delay.o(.data) for g_fac_us
    sys.o(i.sys_stm32_clock_init) refers to rt_memclr_w.o(.text) for __aeabi_memclr4
    sys.o(i.sys_stm32_clock_init) refers to stm32f1xx_hal_rcc.o(i.HAL_RCC_OscConfig) for HAL_RCC_OscConfig
    sys.o(i.sys_stm32_clock_init) refers to stm32f1xx_hal_rcc.o(i.HAL_RCC_ClockConfig) for HAL_RCC_ClockConfig
    usart.o(.rev16_text) refers (Special) to use_no_semi_2.o(.text) for __use_no_semihosting
    usart.o(.revsh_text) refers (Special) to use_no_semi_2.o(.text) for __use_no_semihosting
    usart.o(.rrx_text) refers (Special) to use_no_semi_2.o(.text) for __use_no_semihosting
    usart.o(i.HAL_UART_MspInit) refers (Special) to use_no_semi_2.o(.text) for __use_no_semihosting
    usart.o(i.HAL_UART_MspInit) refers to stm32f1xx_hal_gpio.o(i.HAL_GPIO_Init) for HAL_GPIO_Init
[...]
    DMA2_Channel3_IRQHandler                 0x08000257   Thumb Code     0  startup_stm32f103xe.o(.text)
    DMA2_Channel4_5_IRQHandler               0x08000257   Thumb Code     0  startup_stm32f103xe.o(.text)
    EXTI0_IRQHandler                         0x08000257   Thumb Code     0  startup_stm32f103xe.o(.text)
    EXTI15_10_IRQHandler                     0x08000257   Thumb Code     0  startup_stm32f103xe.o(.text)
    EXTI1_IRQHandler                         0x08000257   Thumb Code     0  startup_stm32f103xe.o(.text)
    EXTI2_IRQHandler                         0x08000257   Thumb Code     0  startup_stm32f103xe.o(.text)
    EXTI3_IRQHandler                         0x08000257   Thumb Code     0  startup_stm32f103xe.o(.text)
    EXTI4_IRQHandler                         0x08000257   Thumb Code     0  startup_stm32f103xe.o(.text)
    EXTI9_5_IRQHandler                       0x08000257   Thumb Code     0  startup_stm32f103xe.o(.text)
    FLASH_IRQHandler                         0x08000257   Thumb Code     0  startup_stm32f103xe.o(.text)
    FSMC_IRQHandler                          0x08000257   Thumb Code     0  startup_stm32f103xe.o(.text)
    I2C1_ER_IRQHandler                       0x08000257   Thumb Code     0  startup_stm32f103xe.o(.text)
    I2C1_EV_IRQHandler                       0x08000257   Thumb Code     0  startup_stm32f103xe.o(.text)
    I2C2_ER_IRQHandler                       0x08000257   Thumb Code     0  startup_stm32f103xe.o(.text)
    I2C2_EV_IRQHandler                       0x08000257   Thumb Code     0  startup_stm32f103xe.o(.text)
    PVD_IRQHandler                           0x08000257   Thumb Code     0  startup_stm32f103xe.o(.text)
    RCC_IRQHandler                           0x08000257   Thumb Code     0  startup_stm32f103xe.o(.text)
    RTC_Alarm_IRQHandler                     0x08000257   Thumb Code     0  startup_stm32f103xe.o(.text)
    RTC_IRQHandler                           0x08000257   Thumb Code     0  startup_stm32f103xe.o(.text)
    SDIO_IRQHandler                          0x08000257   Thumb Code     0  startup_stm32f103xe.o(.text)
    SPI1_IRQHandler                          0x08000257   Thumb Code     0  startup_stm32f103xe.o(.text)
    SPI2_IRQHandler                          0x08000257   Thumb Code     0  startup_stm32f103xe.o(.text)
    SPI3_IRQHandler                          0x08000257   Thumb Code     0  startup_stm32f103xe.o(.text)
    TAMPER_IRQHandler                        0x08000257   Thumb Code     0  startup_stm32f103xe.o(.text)
    TIM1_BRK_IRQHandler                      0x08000257   Thumb Code     0  startup_stm32f103xe.o(.text)
    TIM1_CC_IRQHandler                       0x08000257   Thumb Code     0  startup_stm32f103xe.o(.text)
    TIM1_TRG_COM_IRQHandler                  0x08000257   Thumb Code     0  startup_stm32f103xe.o(.text)
    TIM1_UP_IRQHandler                       0x08000257   Thumb Code     0  startup_stm32f103xe.o(.text)
    TIM2_IRQHandler                          0x08000257   Thumb Code     0  startup_stm32f103xe.o(.text)
    TIM3_IRQHandler                          0x08000257   Thumb Code     0  startup_stm32f103xe.o(.text)
    TIM5_IRQHandler                          0x08000257   Thumb Code     0  startup_stm32f103xe.o(.text)
    TIM6_IRQHandler                          0x08000257   Thumb Code     0  startup_stm32f103xe.o(.text)
    TIM7_IRQHandler                          0x08000257   Thumb Code     0  startup_stm32f103xe.o(.text)
    TIM8_BRK_IRQHandler                      0x08000257   Thumb Code     0  startup_stm32f103xe.o(.text)
    TIM8_CC_IRQHandler                       0x08000257   Thumb Code     0  startup_stm32f103xe.o(.text)
    TIM8_TRG_COM_IRQHandler                  0x08000257   Thumb Code     0  startup_stm32f103xe.o(.text)
    TIM8_UP_IRQHandler                       0x08000257   Thumb Code     0  startup_stm32f103xe.o(.text)
    UART4_IRQHandler                         0x08000257   Thumb Code     0  startup_stm32f103xe.o(.text)
    UART5_IRQHandler                         0x08000257   Thumb Code     0  startup_stm32f103xe.o(.text)
    USART2_IRQHandler                        0x08000257   Thumb Code     0  startup_stm32f103xe.o(.text)
    USART3_IRQHandler                        0x08000257   Thumb Code     0  startup_stm32f103xe.o(.text)
    USBWakeUp_IRQHandler                     0x08000257   Thumb Code     0  startup_stm32f103xe.o(.text)
    USB_HP_CAN1_TX_IRQHandler                0x08000257   Thumb Code     0  startup_stm32f103xe.o(.text)
    USB_LP_CAN1_RX0_IRQHandler               0x08000257   Thumb Code     0  startup_stm32f103xe.o(.text)
    WWDG_IRQHandler                          0x08000257   Thumb Code     0  startup_stm32f103xe.o(.text)
    __user_initial_stackheap                 0x08000259   Thumb Code     0  startup_stm32f103xe.o(.text)
    __use_no_semihosting                     0x0800027d   Thumb Code     2  use_no_semi_2.o(.text)
    __aeabi_uldivmod                         0x0800027f   Thumb Code     0  lludivv7m.o(.text)
    _ll_udiv                                 0x0800027f   Thumb Code   238  lludivv7m.o(.text)
    __aeabi_ldivmod                          0x0800036d   Thumb Code     0  llsdiv.o(.text)
    _ll_sdiv                                 0x0800036d   Thumb Code    72  llsdiv.o(.text)
    __2printf                                0x080003b5   Thumb Code    20  noretval__2printf.o(.text)
    _printf_pre_padding                      0x080003cd   Thumb Code    44  _printf_pad.o(.text)
    _printf_post_padding                     0x080003f9   Thumb Code    34  _printf_pad.o(.text)
    _printf_str                              0x0800041b   Thumb Code    82  _printf_str.o(.text)
    _printf_int_dec                          0x0800046d   Thumb Code   104  _printf_dec.o(.text)
    _printf_longlong_dec                     0x080004e5   Thumb Code   108  _printf_longlong_dec.o(.text)
    _printf_int_hex                          0x08000561   Thumb Code    84  _printf_hex_int.o(.text)
    _printf_longlong_hex                     0x08000561   Thumb Code     0  _printf_hex_int.o(.text)
    __printf                                 0x080005b9   Thumb Code   388  __printf_flags_ss_wp.o(.text)
    strchr                                   0x08000741   Thumb Code    20  strchr.o(.text)
    memcmp                                   0x08000755   Thumb Code    88  memcmp.o(.text)
    __aeabi_memcpy                           0x080007ad   Thumb Code     0  rt_memcpy_v6.o(.text)
    __rt_memcpy                              0x080007ad   Thumb Code   138  rt_memcpy_v6.o(.text)
    _memcpy_lastbytes                        0x08000813   Thumb Code     0  rt_memcpy_v6.o(.text)
    __aeabi_memcpy4                          0x08000837   Thumb Code     0  rt_memcpy_w.o(.text)
    __aeabi_memcpy8                          0x08000837   Thumb Code     0  rt_memcpy_w.o(.text)
    __rt_memcpy_w                            0x08000837   Thumb Code   100  rt_memcpy_w.o(.text)
    _memcpy_lastbytes_aligned                0x0800087f   Thumb Code     0  rt_memcpy_w.o(.text)
    __aeabi_memset                           0x0800089b   Thumb Code    16  aeabi_memset.o(.text)
    __aeabi_memclr                           0x080008ab   Thumb Code     0  rt_memclr.o(.text)
    __rt_memclr                              0x080008ab   Thumb Code    68  rt_memclr.o(.text)
    _memset                                  0x080008af   Thumb Code     0  rt_memclr.o(.text)
    __aeabi_memclr4                          0x080008ef   Thumb Code     0  rt_memclr_w.o(.text)
    __aeabi_memclr8                          0x080008ef   Thumb Code     0  rt_memclr_w.o(.text)
    __rt_memclr_w                            0x080008ef   Thumb Code    78  rt_memclr_w.o(.text)
    _memset_w                                0x080008f3   Thumb Code     0  rt_memclr_w.o(.text)
    __use_two_region_memory                  0x0800093d   Thumb Code     2  heapauxi.o(.text)
    __rt_heap_escrow$2region                 0x0800093f   Thumb Code     2  heapauxi.o(.text)
    __rt_heap_expand$2region                 0x08000941   Thumb Code     2  heapauxi.o(.text)
    __semihosting$guard                      0x08000943   Thumb Code     0  use_no_semi.o(.text)
    __use_no_semihosting_swi                 0x08000943   Thumb Code     2  use_no_semi.o(.text)
    _ll_udiv10                               0x08000945   Thumb Code   138  lludiv10.o(.text)
    _printf_int_common                       0x080009cf   Thumb Code   178  _printf_intcommon.o(.text)
    _printf_cs_common                        0x08000a81   Thumb Code    20  _printf_char.o(.text)
    _printf_char                             0x08000a95   Thumb Code    16  _printf_char.o(.text)
    _printf_string                           0x08000aa5   Thumb Code     8  _printf_char.o(.text)
    _printf_char_file                        0x08000aad   Thumb Code    32  _printf_char_file.o(.text)
    _printf_char_common                      0x08000adb   Thumb Code    32  _printf_char_common.o(.text)
    ferror                                   0x08000b01   Thumb Code     8  ferror.o(.text)
    __user_setup_stackheap                   0x08000b09   Thumb Code    74  sys_stackheap_outer.o(.text)
    exit                                     0x08000b53   Thumb Code    18  exit.o(.text)
    __user_libspace                          0x08000b65   Thumb Code     8  libspace.o(.text)
    __user_perproc_libspace                  0x08000b65   Thumb Code     0  libspace.o(.text)
    __user_perthread_libspace                0x08000b65   Thumb Code     0  libspace.o(.text)
    BusFault_Handler                         0x08000b6d   Thumb Code     4  stm32f1xx_it.o(i.BusFault_Handler)
    DebugMon_Handler                         0x08000b71   Thumb Code     2  stm32f1xx_it.o(i.DebugMon_Handler)
    FSMC_NORSRAM_Extended_Timing_Init        0x08000b75   Thumb Code    62  stm32f1xx_ll_fsmc.o(i.FSMC_NORSRAM_Extended_Timing_Init)
    FSMC_NORSRAM_Init                        0x08000bb9   Thumb Code   116  stm32f1xx_ll_fsmc.o(i.FSMC_NORSRAM_Init)
    FSMC_NORSRAM_Timing_Init                 0x08000c31   Thumb Code    66  stm32f1xx_ll_fsmc.o(i.FSMC_NORSRAM_Timing_Init)
    HAL_DMA_Abort_IT                         0x08000c75   Thumb Code   414  stm32f1xx_hal_dma.o(i.HAL_DMA_Abort_IT)
    HAL_Delay                                0x08000e1d   Thumb Code    12  delay.o(i.HAL_Delay)
    HAL_GPIO_Init                            0x08000e29   Thumb Code   792  stm32f1xx_hal_gpio.o(i.HAL_GPIO_Init)
    HAL_GPIO_TogglePin                       0x08001169   Thumb Code    20  stm32f1xx_hal_gpio.o(i.HAL_GPIO_TogglePin)
    HAL_GPIO_WritePin                        0x0800117d   Thumb Code    12  stm32f1xx_hal_gpio.o(i.HAL_GPIO_WritePin)
    HAL_GetTick                              0x08001189   Thumb Code     6  stm32f1xx_hal.o(i.HAL_GetTick)
    HAL_IncTick                              0x08001195   Thumb Code    16  stm32f1xx_hal.o(i.HAL_IncTick)
    HAL_Init                                 0x080011ad   Thumb Code    34  stm32f1xx_hal.o(i.HAL_Init)
    HAL_InitTick                             0x080011d5   Thumb Code    64  stm32f1xx_hal.o(i.HAL_InitTick)
    HAL_MspInit                              0x08001221   Thumb Code     2  stm32f1xx_hal.o(i.HAL_MspInit)
    HAL_NVIC_EnableIRQ                       0x08001223   Thumb Code    32  stm32f1xx_hal_cortex.o(i.HAL_NVIC_EnableIRQ)
    HAL_NVIC_SetPriority                     0x08001243   Thumb Code   124  stm32f1xx_hal_cortex.o(i.HAL_NVIC_SetPriority)
    HAL_NVIC_SetPriorityGrouping             0x080012c1   Thumb Code    32  stm32f1xx_hal_cortex.o(i.HAL_NVIC_SetPriorityGrouping)
    HAL_RCC_ClockConfig                      0x080012e9   Thumb Code   376  stm32f1xx_hal_rcc.o(i.HAL_RCC_ClockConfig)
    HAL_RCC_GetHCLKFreq                      0x08001475   Thumb Code     6  stm32f1xx_hal_rcc.o(i.HAL_RCC_GetHCLKFreq)
    HAL_RCC_GetPCLK1Freq                     0x08001481   Thumb Code    22  stm32f1xx_hal_rcc.o(i.HAL_RCC_GetPCLK1Freq)
    HAL_RCC_GetPCLK2Freq                     0x080014a1   Thumb Code    22  stm32f1xx_hal_rcc.o(i.HAL_RCC_GetPCLK2Freq)
    HAL_RCC_GetSysClockFreq                  0x080014c1   Thumb Code   116  stm32f1xx_hal_rcc.o(i.HAL_RCC_GetSysClockFreq)
    HAL_RCC_OscConfig                        0x08001555   Thumb Code  1114  stm32f1xx_hal_rcc.o(i.HAL_RCC_OscConfig)
    HAL_SD_GetCardCSD                        0x080019b9   Thumb Code   450  stm32f1xx_hal_sd.o(i.HAL_SD_GetCardCSD)
    HAL_SD_GetCardState                      0x08001b81   Thumb Code    36  stm32f1xx_hal_sd.o(i.HAL_SD_GetCardState)
    HAL_SD_Init                              0x08001ba5   Thumb Code    60  stm32f1xx_hal_sd.o(i.HAL_SD_Init)
    HAL_SD_InitCard                          0x08001be1   Thumb Code   128  stm32f1xx_hal_sd.o(i.HAL_SD_InitCard)
    HAL_SD_MspInit                           0x08001c65   Thumb Code   310  sdio_sdcard.o(i.HAL_SD_MspInit)
    HAL_SD_ReadBlocks                        0x08001da9   Thumb Code   700  stm32f1xx_hal_sd.o(i.HAL_SD_ReadBlocks)
    HAL_SD_WriteBlocks                       0x08002069   Thumb Code   590  stm32f1xx_hal_sd.o(i.HAL_SD_WriteBlocks)
    HAL_SPI_Init                             0x080022bd   Thumb Code   212  stm32f1xx_hal_spi.o(i.HAL_SPI_Init)
    HAL_SPI_MspInit                          0x08002391   Thumb Code   164  spi.o(i.HAL_SPI_MspInit)
    HAL_SPI_TransmitReceive                  0x08002441   Thumb Code   750  stm32f1xx_hal_spi.o(i.HAL_SPI_TransmitReceive)
    HAL_SRAM_Init                            0x0800272f   Thumb Code   102  stm32f1xx_hal_sram.o(i.HAL_SRAM_Init)
    HAL_SRAM_MspInit                         0x08002795   Thumb Code   130  lcd.o(i.HAL_SRAM_MspInit)
    HAL_SYSTICK_Config                       0x08002825   Thumb Code    52  stm32f1xx_hal_cortex.o(i.HAL_SYSTICK_Config)
    HAL_TIM_Base_Init                        0x08002859   Thumb Code   102  stm32f1xx_hal_tim.o(i.HAL_TIM_Base_Init)
    HAL_TIM_Base_MspInit                     0x080028bf   Thumb Code     2  stm32f1xx_hal_tim.o(i.HAL_TIM_Base_MspInit)
    HAL_TIM_Base_Start_IT                    0x080028c1   Thumb Code   122  stm32f1xx_hal_tim.o(i.HAL_TIM_Base_Start_IT)
    HAL_UART_ErrorCallback                   0x08002951   Thumb Code     2  stm32f1xx_hal_uart.o(i.HAL_UART_ErrorCallback)
    HAL_UART_IRQHandler                      0x08002955   Thumb Code   334  stm32f1xx_hal_uart.o(i.HAL_UART_IRQHandler)
    HAL_UART_Init                            0x08002aa9   Thumb Code   114  stm32f1xx_hal_uart.o(i.HAL_UART_Init)
    HAL_UART_MspInit                         0x08002b1d   Thumb Code   168  usart.o(i.HAL_UART_MspInit)
    HAL_UART_Receive_IT                      0x08002bd1   Thumb Code   112  stm32f1xx_hal_uart.o(i.HAL_UART_Receive_IT)
    HAL_UART_RxCpltCallback                  0x08002c41   Thumb Code   134  usart.o(i.HAL_UART_RxCpltCallback)
    HAL_UART_TxCpltCallback                  0x08002cdd   Thumb Code     2  stm32f1xx_hal_uart.o(i.HAL_UART_TxCpltCallback)
    HardFault_Handler                        0x08002cdf   Thumb Code     4  stm32f1xx_it.o(i.HardFault_Handler)
    MemManage_Handler                        0x08002ce3   Thumb Code     4  stm32f1xx_it.o(i.MemManage_Handler)
    NMI_Handler                              0x08002ce7   Thumb Code     2  stm32f1xx_it.o(i.NMI_Handler)
    PendSV_Handler                           0x08002ce9   Thumb Code     2  stm32f1xx_it.o(i.PendSV_Handler)
    SDIO_ConfigData                          0x08002d15   Thumb Code    44  stm32f1xx_ll_sdmmc.o(i.SDIO_ConfigData)
    SDIO_GetCommandResponse                  0x08002d41   Thumb Code     8  stm32f1xx_ll_sdmmc.o(i.SDIO_GetCommandResponse)
    SDIO_GetPowerState                       0x08002d49   Thumb Code    10  stm32f1xx_ll_sdmmc.o(i.SDIO_GetPowerState)
    SDIO_GetResponse                         0x08002d53   Thumb Code    12  stm32f1xx_ll_sdmmc.o(i.SDIO_GetResponse)
    SDIO_Init                                0x08002d5f   Thumb Code    52  stm32f1xx_ll_sdmmc.o(i.SDIO_Init)
    SDIO_PowerState_ON                       0x08002d93   Thumb Code    18  stm32f1xx_ll_sdmmc.o(i.SDIO_PowerState_ON)
    SDIO_ReadFIFO                            0x08002da5   Thumb Code     8  stm32f1xx_ll_sdmmc.o(i.SDIO_ReadFIFO)
    SDIO_SendCommand                         0x08002dad   Thumb Code    40  stm32f1xx_ll_sdmmc.o(i.SDIO_SendCommand)
    SDIO_WriteFIFO                           0x08002dd5   Thumb Code    12  stm32f1xx_ll_sdmmc.o(i.SDIO_WriteFIFO)
    SDMMC_CmdAppCommand                      0x08002de1   Thumb Code    56  stm32f1xx_ll_sdmmc.o(i.SDMMC_CmdAppCommand)
    SDMMC_CmdAppOperCommand                  0x08002e19   Thumb Code    54  stm32f1xx_ll_sdmmc.o(i.SDMMC_CmdAppOperCommand)
    SDMMC_CmdBlockLength                     0x08002e55   Thumb Code    56  stm32f1xx_ll_sdmmc.o(i.SDMMC_CmdBlockLength)
    SDMMC_CmdGoIdleState                     0x08002e8d   Thumb Code    44  stm32f1xx_ll_sdmmc.o(i.SDMMC_CmdGoIdleState)
    SDMMC_CmdOperCond                        0x08002eb9   Thumb Code    52  stm32f1xx_ll_sdmmc.o(i.SDMMC_CmdOperCond)
    SDMMC_CmdReadMultiBlock                  0x08002eed   Thumb Code    56  stm32f1xx_ll_sdmmc.o(i.SDMMC_CmdReadMultiBlock)
    SDMMC_CmdReadSingleBlock                 0x08002f25   Thumb Code    56  stm32f1xx_ll_sdmmc.o(i.SDMMC_CmdReadSingleBlock)
    SDMMC_CmdSelDesel                        0x08002f5d   Thumb Code    58  stm32f1xx_ll_sdmmc.o(i.SDMMC_CmdSelDesel)
    SDMMC_CmdSendCID                         0x08002f97   Thumb Code    50  stm32f1xx_ll_sdmmc.o(i.SDMMC_CmdSendCID)
    SDMMC_CmdSendCSD                         0x08002fc9   Thumb Code    50  stm32f1xx_ll_sdmmc.o(i.SDMMC_CmdSendCSD)
    SDMMC_CmdSendStatus                      0x08002ffb   Thumb Code    56  stm32f1xx_ll_sdmmc.o(i.SDMMC_CmdSendStatus)
    SDMMC_CmdSetRelAdd                       0x08003033   Thumb Code    56  stm32f1xx_ll_sdmmc.o(i.SDMMC_CmdSetRelAdd)
    SDMMC_CmdStopTransfer                    0x0800306d   Thumb Code    54  stm32f1xx_ll_sdmmc.o(i.SDMMC_CmdStopTransfer)
    SDMMC_CmdWriteMultiBlock                 0x080030a9   Thumb Code    56  stm32f1xx_ll_sdmmc.o(i.SDMMC_CmdWriteMultiBlock)
    SDMMC_CmdWriteSingleBlock                0x080030e1   Thumb Code    56  stm32f1xx_ll_sdmmc.o(i.SDMMC_CmdWriteSingleBlock)
    SPI_ISCRCErrorValid                      0x0800370d   Thumb Code     6  stm32f1xx_hal_spi.o(i.SPI_ISCRCErrorValid)
    SVC_Handler                              0x080037ed   Thumb Code     2  stm32f1xx_it.o(i.SVC_Handler)
    SysTick_Handler                          0x080037ef   Thumb Code     8  stm32f1xx_it.o(i.SysTick_Handler)
    SystemInit                               0x080037f7   Thumb Code     2  system_stm32f1xx.o(i.SystemInit)
    TIM4_IRQHandler                          0x080037f9   Thumb Code    58  usmart_port.o(i.TIM4_IRQHandler)
    TIM_Base_SetConfig                       0x0800383d   Thumb Code   134  stm32f1xx_hal_tim.o(i.TIM_Base_SetConfig)
    USART1_IRQHandler                        0x08003b29   Thumb Code    10  usart.o(i.USART1_IRQHandler)
    UsageFault_Handler                       0x08003b39   Thumb Code     4  stm32f1xx_it.o(i.UsageFault_Handler)
    _is_digit                                0x08003b75   Thumb Code    14  __printf_wp.o(i._is_digit)
    _sys_exit                                0x08003b83   Thumb Code     4  usart.o(i._sys_exit)
    delay_init                               0x080044b9   Thumb Code     6  delay.o(i.delay_init)
    delay_ms                                 0x080044c5   Thumb Code    18  delay.o(i.delay_ms)
    delay_us                                 0x080044d9   Thumb Code    68  delay.o(i.delay_us)
    dir_sdi                                  0x08004c85   Thumb Code   170  ff.o(i.dir_sdi)
    disk_initialize                          0x08004d2f   Thumb Code    44  diskio.o(i.disk_initialize)
    disk_ioctl                               0x08004d5d   Thumb Code   176  diskio.o(i.disk_ioctl)
    disk_read                                0x08004e11   Thumb Code   126  diskio.o(i.disk_read)
    disk_status                              0x08004e8f   Thumb Code     6  diskio.o(i.disk_status)
    disk_write                               0x08004e95   Thumb Code   126  diskio.o(i.disk_write)
    exfuns_get_free                          0x08004f13   Thumb Code    74  exfuns.o(i.exfuns_get_free)
    exfuns_init                              0x08004f5d   Thumb Code    64  exfuns.o(i.exfuns_init)
    f_close                                  0x08004fa1   Thumb Code    38  ff.o(i.f_close)
    f_closedir                               0x08004fc7   Thumb Code    24  ff.o(i.f_closedir)
    f_getfree                                0x08004fdf   Thumb Code   348  ff.o(i.f_getfree)
    f_getlabel                               0x0800513b   Thumb Code   316  ff.o(i.f_getlabel)
    f_gets                                   0x08005277   Thumb Code    80  ff.o(i.f_gets)
    f_lseek                                  0x080052c7   Thumb Code  1110  ff.o(i.f_lseek)
    f_mkdir                                  0x0800571d   Thumb Code   418  ff.o(i.f_mkdir)
    f_mkfs                                   0x080058c1   Thumb Code  3514  ff.o(i.f_mkfs)
    f_mount                                  0x080066bd   Thumb Code    80  ff.o(i.f_mount)
    f_open                                   0x08006711   Thumb Code   786  ff.o(i.f_open)
    f_opendir                                0x08006a23   Thumb Code   184  ff.o(i.f_opendir)
    f_putc                                   0x08006adb   Thumb Code    34  ff.o(i.f_putc)
    f_puts                                   0x08006afd   Thumb Code    44  ff.o(i.f_puts)
    f_read                                   0x08006b29   Thumb Code   552  ff.o(i.f_read)
    f_readdir                                0x08006d51   Thumb Code   112  ff.o(i.f_readdir)
    f_rename                                 0x08006dc1   Thumb Code   516  ff.o(i.f_rename)
    f_setlabel                               0x08006fc5   Thumb Code   486  ff.o(i.f_setlabel)
    f_sync                                   0x080071b1   Thumb Code   424  ff.o(i.f_sync)
    f_unlink                                 0x08007359   Thumb Code   252  ff.o(i.f_unlink)
    f_write                                  0x08007455   Thumb Code   644  ff.o(i.f_write)
    ff_memalloc                              0x080076d9   Thumb Code    14  ffsystem.o(i.ff_memalloc)
    ff_memfree                               0x080076e7   Thumb Code    14  ffsystem.o(i.ff_memfree)
    ff_oem2uni                               0x080076f5   Thumb Code   100  ffunicode.o(i.ff_oem2uni)
    ff_uni2oem                               0x0800775d   Thumb Code   112  ffunicode.o(i.ff_uni2oem)
    ff_wtoupper                              0x080077d1   Thumb Code   166  ffunicode.o(i.ff_wtoupper)
    fputc                                    0x08007add   Thumb Code    24  usart.o(i.fputc)
    get_fattime                              0x08007d61   Thumb Code     4  ffsystem.o(i.get_fattime)
    get_sd_card_state                        0x0800802d   Thumb Code    20  sdio_sdcard.o(i.get_sd_card_state)
    key_init                                 0x08008079   Thumb Code   172  key.o(i.key_init)
    lcd_clear                                0x08008131   Thumb Code    42  lcd.o(i.lcd_clear)
    lcd_display_dir                          0x08008165   Thumb Code   360  lcd.o(i.lcd_display_dir)
    lcd_draw_point                           0x080082d1   Thumb Code    26  lcd.o(i.lcd_draw_point)
    lcd_ex_ili9341_reginit                   0x080082f1   Thumb Code   556  lcd.o(i.lcd_ex_ili9341_reginit)
    lcd_ex_ili9806_reginit                   0x0800851d   Thumb Code   832  lcd.o(i.lcd_ex_ili9806_reginit)
    lcd_ex_nt35310_reginit                   0x0800885d   Thumb Code  3826  lcd.o(i.lcd_ex_nt35310_reginit)
    lcd_ex_nt35510_reginit                   0x0800974f   Thumb Code  3836  lcd.o(i.lcd_ex_nt35510_reginit)
    lcd_ex_ssd1963_reginit                   0x0800a64b   Thumb Code   366  lcd.o(i.lcd_ex_ssd1963_reginit)
    lcd_ex_st7789_reginit                    0x0800a7b9   Thumb Code   424  lcd.o(i.lcd_ex_st7789_reginit)
    lcd_ex_st7796_reginit                    0x0800a961   Thumb Code   454  lcd.o(i.lcd_ex_st7796_reginit)
    lcd_fill                                 0x0800ab29   Thumb Code    80  lcd.o(i.lcd_fill)
    lcd_init                                 0x0800ab7d   Thumb Code  1120  lcd.o(i.lcd_init)
    lcd_scan_dir                             0x0800b021   Thumb Code   568  lcd.o(i.lcd_scan_dir)
    lcd_set_cursor                           0x0800b25d   Thumb Code   282  lcd.o(i.lcd_set_cursor)
    lcd_show_char                            0x0800b37d   Thumb Code   294  lcd.o(i.lcd_show_char)
    lcd_show_num                             0x0800b4bd   Thumb Code   152  lcd.o(i.lcd_show_num)
    lcd_show_string                          0x0800b555   Thumb Code   106  lcd.o(i.lcd_show_string)
    lcd_ssd_backlight_set                    0x0800b5c1   Thumb Code    80  lcd.o(i.lcd_ssd_backlight_set)
    lcd_wr_data                              0x0800b615   Thumb Code    18  lcd.o(i.lcd_wr_data)
    lcd_wr_regno                             0x0800b62d   Thumb Code    18  lcd.o(i.lcd_wr_regno)
    lcd_write_ram_prepare                    0x0800b645   Thumb Code    10  lcd.o(i.lcd_write_ram_prepare)
    lcd_write_reg                            0x0800b659   Thumb Code    10  lcd.o(i.lcd_write_reg)
    led_init                                 0x0800b715   Thumb Code   132  led.o(i.led_init)
    main                                     0x0800b8f5   Thumb Code   642  main.o(i.main)
    mf_close                                 0x0800bc9d   Thumb Code    14  fattester.o(i.mf_close)
    mf_closedir                              0x0800bcb1   Thumb Code    10  fattester.o(i.mf_closedir)
    mf_fmkfs                                 0x0800bcc1   Thumb Code    40  fattester.o(i.mf_fmkfs)
    mf_free                                  0x0800bced   Thumb Code    26  fattester.o(i.mf_free)
    mf_getlabel                              0x0800bd0d   Thumb Code    58  fattester.o(i.mf_getlabel)
    mf_gets                                  0x0800bd91   Thumb Code    38  fattester.o(i.mf_gets)
    mf_init                                  0x0800bdd9   Thumb Code    58  fattester.o(i.mf_init)
    mf_lseek                                 0x0800be19   Thumb Code    18  fattester.o(i.mf_lseek)
    mf_mkdir                                 0x0800be31   Thumb Code    12  fattester.o(i.mf_mkdir)
    mf_mount                                 0x0800be3d   Thumb Code    20  fattester.o(i.mf_mount)
    mf_open                                  0x0800be55   Thumb Code    24  fattester.o(i.mf_open)
    mf_opendir                               0x0800be71   Thumb Code    14  fattester.o(i.mf_opendir)
    mf_putc                                  0x0800be85   Thumb Code    18  fattester.o(i.mf_putc)
    mf_puts                                  0x0800be9d   Thumb Code    18  fattester.o(i.mf_puts)
    mf_read                                  0x0800beb5   Thumb Code   224  fattester.o(i.mf_read)
    mf_readdir                               0x0800c011   Thumb Code   216  fattester.o(i.mf_readdir)
    mf_rename                                0x0800c285   Thumb Code    16  fattester.o(i.mf_rename)
    mf_scan_files                            0x0800c295   Thumb Code    74  fattester.o(i.mf_scan_files)
    mf_setlabel                              0x0800c2f9   Thumb Code    34  fattester.o(i.mf_setlabel)
    mf_showfree                              0x0800c355   Thumb Code    88  fattester.o(i.mf_showfree)
    mf_size                                  0x0800c3fd   Thumb Code     8  fattester.o(i.mf_size)
    mf_tell                                  0x0800c409   Thumb Code     8  fattester.o(i.mf_tell)
    mf_unlink                                0x0800c415   Thumb Code    12  fattester.o(i.mf_unlink)
    mf_write                                 0x0800c421   Thumb Code    70  fattester.o(i.mf_write)
    my_mem_init                              0x0800c9f9   Thumb Code    38  malloc.o(i.my_mem_init)
    my_mem_perused                           0x0800cad1   Thumb Code    56  malloc.o(i.my_mem_perused)
    my_mem_set                               0x0800cb11   Thumb Code    20  malloc.o(i.my_mem_set)
    myfree                                   0x0800cb25   Thumb Code    30  malloc.o(i.myfree)
    mymalloc                                 0x0800cb49   Thumb Code    34  malloc.o(i.mymalloc)
    norflash_erase_sector                    0x0800cb71   Thumb Code    62  norflash.o(i.norflash_erase_sector)
    norflash_init                            0x0800cbb5   Thumb Code   172  norflash.o(i.norflash_init)
    norflash_read                            0x0800cc6d   Thumb Code    76  norflash.o(i.norflash_read)
    norflash_read_id                         0x0800ccbd   Thumb Code    76  norflash.o(i.norflash_read_id)
    norflash_read_sr                         0x0800cd0d   Thumb Code    88  norflash.o(i.norflash_read_sr)
    norflash_write                           0x0800cdb1   Thumb Code   180  norflash.o(i.norflash_write)
    norflash_write_enable                    0x0800ce69   Thumb Code    40  norflash.o(i.norflash_write_enable)
    norflash_write_sr                        0x0800cf35   Thumb Code    84  norflash.o(i.norflash_write_sr)
    read_addr                                0x0800d2a1   Thumb Code     6  usmart.o(i.read_addr)
    sd_init                                  0x0800d3f1   Thumb Code    48  sdio_sdcard.o(i.sd_init)
    sd_read_disk                             0x0800d429   Thumb Code    72  sdio_sdcard.o(i.sd_read_disk)
    sd_write_disk                            0x0800d479   Thumb Code    72  sdio_sdcard.o(i.sd_write_disk)
    spi2_init                                0x0800d4c9   Thumb Code   110  spi.o(i.spi2_init)
    spi2_read_write_byte                     0x0800d545   Thumb Code    28  spi.o(i.spi2_read_write_byte)
    spi2_set_speed                           0x0800d565   Thumb Code    68  spi.o(i.spi2_set_speed)
    sys_stm32_clock_init                     0x0800d7bb   Thumb Code   102  sys.o(i.sys_stm32_clock_init)
    usart_init                               0x0800d86d   Thumb Code    44  usart.o(i.usart_init)
    usmart_cmd_rec                           0x0800d8a5   Thumb Code   170  usmart.o(i.usmart_cmd_rec)
    usmart_exe                               0x0800d955   Thumb Code   632  usmart.o(i.usmart_exe)
    usmart_get_aparm                         0x0800dc29   Thumb Code   212  usmart_str.o(i.usmart_get_aparm)
    usmart_get_cmdname                       0x0800dcfd   Thumb Code    54  usmart_str.o(i.usmart_get_cmdname)
    usmart_get_fname                         0x0800dd35   Thumb Code   440  usmart_str.o(i.usmart_get_fname)
    usmart_get_fparam                        0x0800def5   Thumb Code   262  usmart_str.o(i.usmart_get_fparam)
    usmart_get_input_string                  0x0800e001   Thumb Code    30  usmart_port.o(i.usmart_get_input_string)
    usmart_get_parmpos                       0x0800e029   Thumb Code    26  usmart_str.o(i.usmart_get_parmpos)
    usmart_init                              0x0800e049   Thumb Code    36  usmart.o(i.usmart_init)
    usmart_pow                               0x0800e071   Thumb Code    22  usmart_str.o(i.usmart_pow)
    usmart_scan                              0x0800e089   Thumb Code   106  usmart.o(i.usmart_scan)
    usmart_search_nextc                      0x0800e131   Thumb Code    22  usmart_str.o(i.usmart_search_nextc)
    usmart_str2num                           0x0800e147   Thumb Code   262  usmart_str.o(i.usmart_str2num)
    usmart_strcmp                            0x0800e24d   Thumb Code    34  usmart_str.o(i.usmart_strcmp)
    usmart_strcopy                           0x0800e26f   Thumb Code    22  usmart_str.o(i.usmart_strcopy)
    usmart_strlen                            0x0800e285   Thumb Code    24  usmart_str.o(i.usmart_strlen)
    usmart_sys_cmd_exe                       0x0800e29d   Thumb Code  1570  usmart.o(i.usmart_sys_cmd_exe)
    usmart_timx_get_time                     0x0800e991   Thumb Code    58  usmart_port.o(i.usmart_timx_get_time)
    usmart_timx_init                         0x0800e9d5   Thumb Code    84  usmart_port.o(i.usmart_timx_init)
    usmart_timx_reset_time                   0x0800ea35   Thumb Code    44  usmart_port.o(i.usmart_timx_reset_time)
    write_addr                               0x0800eaa5   Thumb Code     4  usmart.o(i.write_addr)
    __aeabi_d2uiz                            0x0800eb49   Thumb Code     0  dfixu.o(x$fpl$dfixu)
    _dfixu                                   0x0800eb49   Thumb Code    90  dfixu.o(x$fpl$dfixu)
    __aeabi_ui2d                             0x0800eba3   Thumb Code     0  dflt_clz.o(x$fpl$dfltu)
    _dfltu                                   0x0800eba3   Thumb Code    38  dflt_clz.o(x$fpl$dfltu)
    __aeabi_dmul                             0x0800ebc9   Thumb Code     0  dmul.o(x$fpl$dmul)
    _dmul                                    0x0800ebc9   Thumb Code   332  dmul.o(x$fpl$dmul)
    __fpl_dnaninf                            0x0800ed1d   Thumb Code   156  dnaninf.o(x$fpl$dnaninf)
    __fpl_dretinf                            0x0800edb9   Thumb Code    12  dretinf.o(x$fpl$dretinf)
    AHBPrescTable                            0x0800edc4   Data          16  system_stm32f1xx.o(.constdata)
    __I$use$fp                               0x0800edc4   Number         0  usenofp.o(x$fpl$usenofp)
    APBPrescTable                            0x0800edd4   Data           8  system_stm32f1xx.o(.constdata)
    asc2_1206                                0x0800eddc   Data        1140  lcd.o(.constdata)
    asc2_1608                                0x0800f250   Data        1520  lcd.o(.constdata)
    asc2_2412                                0x0800f840   Data        3420  lcd.o(.constdata)
    asc2_3216                                0x0801059c   Data        6080  lcd.o(.constdata)
    memtblsize                               0x08011d5c   Data           8  malloc.o(.constdata)
    memblksize                               0x08011d64   Data           8  malloc.o(.constdata)
    memsize                                  0x08011d6c   Data           8  malloc.o(.constdata)
    Region$$Table$$Base                      0x0803cd84   Number         0  anon$$obj.o(Region$$Table)
    Region$$Table$$Limit                     0x0803cda4   Number         0  anon$$obj.o(Region$$Table)
    SystemCoreClock                          0x20000000   Data           4  system_stm32f1xx.o(.data)
    __stdout                                 0x20000008   Data           4  usart.o(.data)
    g_usart_rx_sta                           0x2000000c   Data           2  usart.o(.data)
    g_rx_buffer                              0x2000000e   Data           1  usart.o(.data)
    uwTick                                   0x20000010   Data           4  stm32f1xx_hal.o(.data)
    uwTickPrio                               0x20000014   Data           4  stm32f1xx_hal.o(.data)
    uwTickFreq                               0x20000018   Data           1  stm32f1xx_hal.o(.data)
    g_point_color                            0x2000001c   Data           4  lcd.o(.data)
    g_back_color                             0x20000020   Data           4  lcd.o(.data)
    g_norflash_type                          0x20000024   Data           2  norflash.o(.data)
    mallco_dev                               0x20000028   Data          28  malloc.o(.data)
    fs                                       0x20000050   Data           8  exfuns.o(.data)
    sys_cmd_tab                              0x20000058   Data          28  usmart.o(.data)
    usmart_nametab                           0x20000074   Data         208  usmart_config.o(.data)
    usmart_dev                               0x20000144   Data         244  usmart_config.o(.data)
    g_usart_rx_buf                           0x20000238   Data         200  usart.o(.bss)
    g_uart1_handle                           0x20000300   Data          64  usart.o(.bss)
    g_sram_handle                            0x20000340   Data          72  lcd.o(.bss)
    lcddev                                   0x20000388   Data          14  lcd.o(.bss)
    g_sdcard_handler                         0x20000398   Data         132  sdio_sdcard.o(.bss)
    g_sd_card_info_handle                    0x2000041c   Data          32  sdio_sdcard.o(.bss)
    g_spi2_handler                           0x2000043c   Data          88  spi.o(.bss)
    g_norflash_buf                           0x20000494   Data        4096  norflash.o(.bss)
    fattester                                0x2000bec0   Data         384  fattester.o(.bss)
    g_timx_usmart_handle                     0x2000c040   Data          72  usmart_port.o(.bss)
    __libspace_start                         0x2000c088   Data          96  libspace.o(.bss)
    __temporary_stack_top$libspace           0x2000c0e8   Data           0  libspace.o(.bss)



==============================================================================

Memory Map of the image

  Image Entry point : 0x08000131

  Load Region LR_IROM1 (Base: 0x08000000, Size: 0x0003cfdc, Max: 0x00080000, ABSOLUTE, COMPRESSED[0x0003cea4])

    Execution Region ER_IROM1 (Exec base: 0x08000000, Load base: 0x08000000, Size: 0x0003cda4, Max: 0x00080000, ABSOLUTE)

    Exec Addr    Load Addr    Size         Type   Attr      Idx    E Section Name        Object

    0x08000000   0x08000000   0x00000130   Data   RO            3    RESET               startup_stm32f103xe.o
    0x08000130   0x08000130   0x00000008   Code   RO         5926  * !!!main             c_w.l(__main.o)
    0x08000138   0x08000138   0x00000034   Code   RO         6125    !!!scatter          c_w.l(__scatter.o)
    0x0800016c   0x0800016c   0x0000005a   Code   RO         6123    !!dczerorl2         c_w.l(__dczerorl2.o)
    0x080001c6   0x080001c6   0x00000002   PAD
    0x080001c8   0x080001c8   0x0000001c   Code   RO         6127    !!handler_zi        c_w.l(__scatter_zi.o)
    0x080001e4   0x080001e4   0x00000000   Code   RO         5900    .ARM.Collect$$_printf_percent$$00000000  c_w.l(_printf_percent.o)
    0x080001e4   0x080001e4   0x0000000a   Code   RO         5956    .ARM.Collect$$_printf_percent$$00000007  c_w.l(_printf_ll.o)
    0x080001ee   0x080001ee   0x00000006   Code   RO         5898    .ARM.Collect$$_printf_percent$$00000009  c_w.l(_printf_d.o)
    0x080001f4   0x080001f4   0x00000006   Code   RO         5899    .ARM.Collect$$_printf_percent$$0000000A  c_w.l(_printf_u.o)
    0x080001fa   0x080001fa   0x00000006   Code   RO         5897    .ARM.Collect$$_printf_percent$$0000000C  c_w.l(_printf_x.o)
    0x08000200   0x08000200   0x00000006   Code   RO         5901    .ARM.Collect$$_printf_percent$$0000000E  c_w.l(_printf_lld.o)
    0x08000206   0x08000206   0x00000006   Code   RO         5895    .ARM.Collect$$_printf_percent$$00000013  c_w.l(_printf_c.o)
    0x0800020c   0x0800020c   0x00000006   Code   RO         5896    .ARM.Collect$$_printf_percent$$00000014  c_w.l(_printf_s.o)
    0x08000212   0x08000212   0x00000004   Code   RO         5955    .ARM.Collect$$_printf_percent$$00000017  c_w.l(_printf_percent_end.o)
    0x08000216   0x08000216   0x00000002   Code   RO         6000    .ARM.Collect$$libinit$$00000000  c_w.l(libinit.o)
    0x08000218   0x08000218   0x00000000   Code   RO         6013    .ARM.Collect$$libinit$$00000002  c_w.l(libinit2.o)
    0x08000218   0x08000218   0x00000000   Code   RO         6015    .ARM.Collect$$libinit$$00000004  c_w.l(libinit2.o)
    0x08000218   0x08000218   0x00000000   Code   RO         6018    .ARM.Collect$$libinit$$0000000A  c_w.l(libinit2.o)
    0x08000218   0x08000218   0x00000000   Code   RO         6020    .ARM.Collect$$libinit$$0000000C  c_w.l(libinit2.o)
    0x08000218   0x08000218   0x00000000   Code   RO         6022    .ARM.Collect$$libinit$$0000000E  c_w.l(libinit2.o)
    0x08000218   0x08000218   0x00000000   Code   RO         6025    .ARM.Collect$$libinit$$00000011  c_w.l(libinit2.o)
    0x08000218   0x08000218   0x00000000   Code   RO         6027    .ARM.Collect$$libinit$$00000013  c_w.l(libinit2.o)
    0x08000218   0x08000218   0x00000000   Code   RO         6029    .ARM.Collect$$libinit$$00000015  c_w.l(libinit2.o)
    0x08000218   0x08000218   0x00000000   Code   RO         6031    .ARM.Collect$$libinit$$00000017  c_w.l(libinit2.o)
    0x08000218   0x08000218   0x00000000   Code   RO         6033    .ARM.Collect$$libinit$$00000019  c_w.l(libinit2.o)
    0x08000218   0x08000218   0x00000000   Code   RO         6035    .ARM.Collect$$libinit$$0000001B  c_w.l(libinit2.o)
    0x08000218   0x08000218   0x00000000   Code   RO         6037    .ARM.Collect$$libinit$$0000001D  c_w.l(libinit2.o)
    0x08000218   0x08000218   0x00000000   Code   RO         6039    .ARM.Collect$$libinit$$0000001F  c_w.l(libinit2.o)
    0x08000218   0x08000218   0x00000000   Code   RO         6041    .ARM.Collect$$libinit$$00000021  c_w.l(libinit2.o)
    0x08000218   0x08000218   0x00000000   Code   RO         6043    .ARM.Collect$$libinit$$00000023  c_w.l(libinit2.o)
    0x08000218   0x08000218   0x00000000   Code   RO         6045    .ARM.Collect$$libinit$$00000025  c_w.l(libinit2.o)
    0x08000218   0x08000218   0x00000000   Code   RO         6049    .ARM.Collect$$libinit$$0000002C  c_w.l(libinit2.o)
    0x08000218   0x08000218   0x00000000   Code   RO         6051    .ARM.Collect$$libinit$$0000002E  c_w.l(libinit2.o)
    0x08000218   0x08000218   0x00000000   Code   RO         6053    .ARM.Collect$$libinit$$00000030  c_w.l(libinit2.o)
    0x08000218   0x08000218   0x00000000   Code   RO         6055    .ARM.Collect$$libinit$$00000032  c_w.l(libinit2.o)
    0x08000218   0x08000218   0x00000002   Code   RO         6056    .ARM.Collect$$libinit$$00000033  c_w.l(libinit2.o)
    0x0800021a   0x0800021a   0x00000002   Code   RO         6080    .ARM.Collect$$libshutdown$$00000000  c_w.l(libshutdown.o)
    0x0800021c   0x0800021c   0x00000000   Code   RO         6104    .ARM.Collect$$libshutdown$$00000002  c_w.l(libshutdown2.o)
    0x0800021c   0x0800021c   0x00000000   Code   RO         6106    .ARM.Collect$$libshutdown$$00000004  c_w.l(libshutdown2.o)
    0x0800021c   0x0800021c   0x00000000   Code   RO         6108    .ARM.Collect$$libshutdown$$00000006  c_w.l(libshutdown2.o)
    0x0800021c   0x0800021c   0x00000000   Code   RO         6111    .ARM.Collect$$libshutdown$$00000009  c_w.l(libshutdown2.o)
    0x0800021c   0x0800021c   0x00000000   Code   RO         6114    .ARM.Collect$$libshutdown$$0000000C  c_w.l(libshutdown2.o)
    0x0800021c   0x0800021c   0x00000000   Code   RO         6116    .ARM.Collect$$libshutdown$$0000000E  c_w.l(libshutdown2.o)
    0x0800021c   0x0800021c   0x00000000   Code   RO         6119    .ARM.Collect$$libshutdown$$00000011  c_w.l(libshutdown2.o)
    0x0800021c   0x0800021c   0x00000002   Code   RO         6120    .ARM.Collect$$libshutdown$$00000012  c_w.l(libshutdown2.o)
    0x0800021e   0x0800021e   0x00000000   Code   RO         5942    .ARM.Collect$$rtentry$$00000000  c_w.l(__rtentry.o)
    0x0800021e   0x0800021e   0x00000000   Code   RO         5963    .ARM.Collect$$rtentry$$00000002  c_w.l(__rtentry2.o)
    0x0800021e   0x0800021e   0x00000006   Code   RO         5975    .ARM.Collect$$rtentry$$00000004  c_w.l(__rtentry4.o)
    0x08000224   0x08000224   0x00000000   Code   RO         5965    .ARM.Collect$$rtentry$$00000009  c_w.l(__rtentry2.o)
    0x08000224   0x08000224   0x00000004   Code   RO         5966    .ARM.Collect$$rtentry$$0000000A  c_w.l(__rtentry2.o)
    0x08000228   0x08000228   0x00000000   Code   RO         5968    .ARM.Collect$$rtentry$$0000000C  c_w.l(__rtentry2.o)
    0x08000228   0x08000228   0x00000008   Code   RO         5969    .ARM.Collect$$rtentry$$0000000D  c_w.l(__rtentry2.o)
    0x08000230   0x08000230   0x00000002   Code   RO         6004    .ARM.Collect$$rtexit$$00000000  c_w.l(rtexit.o)
    0x08000232   0x08000232   0x00000000   Code   RO         6058    .ARM.Collect$$rtexit$$00000002  c_w.l(rtexit2.o)
    0x08000232   0x08000232   0x00000004   Code   RO         6059    .ARM.Collect$$rtexit$$00000003  c_w.l(rtexit2.o)
    0x08000236   0x08000236   0x00000006   Code   RO         6060    .ARM.Collect$$rtexit$$00000004  c_w.l(rtexit2.o)
    0x0800023c   0x0800023c   0x00000040   Code   RO            4    .text               startup_stm32f103xe.o
    0x0800027c   0x0800027c   0x00000002   Code   RO         5834    .text               c_w.l(use_no_semi_2.o)
    0x0800027e   0x0800027e   0x000000ee   Code   RO         5836    .text               c_w.l(lludivv7m.o)
    0x0800036c   0x0800036c   0x00000048   Code   RO         5838    .text               c_w.l(llsdiv.o)
    0x080003b4   0x080003b4   0x00000018   Code   RO         5842    .text               c_w.l(noretval__2printf.o)
    0x080003cc   0x080003cc   0x0000004e   Code   RO         5846    .text               c_w.l(_printf_pad.o)
    0x0800041a   0x0800041a   0x00000052   Code   RO         5848    .text               c_w.l(_printf_str.o)
    0x0800046c   0x0800046c   0x00000078   Code   RO         5850    .text               c_w.l(_printf_dec.o)
    0x080004e4   0x080004e4   0x0000007c   Code   RO         5852    .text               c_w.l(_printf_longlong_dec.o)
    0x08000560   0x08000560   0x00000058   Code   RO         5857    .text               c_w.l(_printf_hex_int.o)
    0x080005b8   0x080005b8   0x00000188   Code   RO         5892    .text               c_w.l(__printf_flags_ss_wp.o)
    0x08000740   0x08000740   0x00000014   Code   RO         5902    .text               c_w.l(strchr.o)
    0x08000754   0x08000754   0x00000058   Code   RO         5904    .text               c_w.l(memcmp.o)
    0x080007ac   0x080007ac   0x0000008a   Code   RO         5912    .text               c_w.l(rt_memcpy_v6.o)
    0x08000836   0x08000836   0x00000064   Code   RO         5914    .text               c_w.l(rt_memcpy_w.o)
    0x0800089a   0x0800089a   0x00000010   Code   RO         5916    .text               c_w.l(aeabi_memset.o)
    0x080008aa   0x080008aa   0x00000044   Code   RO         5918    .text               c_w.l(rt_memclr.o)
    0x080008ee   0x080008ee   0x0000004e   Code   RO         5920    .text               c_w.l(rt_memclr_w.o)
    0x0800093c   0x0800093c   0x00000006   Code   RO         5924    .text               c_w.l(heapauxi.o)
    0x08000942   0x08000942   0x00000002   Code   RO         5940    .text               c_w.l(use_no_semi.o)
    0x08000944   0x08000944   0x0000008a   Code   RO         5947    .text               c_w.l(lludiv10.o)
    0x080009ce   0x080009ce   0x000000b2   Code   RO         5949    .text               c_w.l(_printf_intcommon.o)
    0x08000a80   0x08000a80   0x0000002c   Code   RO         5951    .text               c_w.l(_printf_char.o)
    0x08000aac   0x08000aac   0x00000024   Code   RO         5953    .text               c_w.l(_printf_char_file.o)
    0x08000ad0   0x08000ad0   0x00000030   Code   RO         5979    .text               c_w.l(_printf_char_common.o)
    0x08000b00   0x08000b00   0x00000008   Code   RO         5981    .text               c_w.l(ferror.o)
    0x08000b08   0x08000b08   0x0000004a   Code   RO         5985    .text               c_w.l(sys_stackheap_outer.o)
    0x08000b52   0x08000b52   0x00000012   Code   RO         5989    .text               c_w.l(exit.o)
    0x08000b64   0x08000b64   0x00000008   Code   RO         6001    .text               c_w.l(libspace.o)
    0x08000b6c   0x08000b6c   0x00000004   Code   RO          305    i.BusFault_Handler  stm32f1xx_it.o
    0x08000b70   0x08000b70   0x00000002   Code   RO          306    i.DebugMon_Handler  stm32f1xx_it.o
    0x08000b72   0x08000b72   0x00000002   PAD
    0x08000b74   0x08000b74   0x00000044   Code   RO         2203    i.FSMC_NORSRAM_Extended_Timing_Init  stm32f1xx_ll_fsmc.o
    0x08000bb8   0x08000bb8   0x00000078   Code   RO         2204    i.FSMC_NORSRAM_Init  stm32f1xx_ll_fsmc.o
    0x08000c30   0x08000c30   0x00000042   Code   RO         2205    i.FSMC_NORSRAM_Timing_Init  stm32f1xx_ll_fsmc.o
    0x08000c72   0x08000c72   0x00000002   PAD
    0x08000c74   0x08000c74   0x000001a8   Code   RO         1000    i.HAL_DMA_Abort_IT  stm32f1xx_hal_dma.o
    0x08000e1c   0x08000e1c   0x0000000c   Code   RO          508    i.HAL_Delay         delay.o
    0x08000e28   0x08000e28   0x00000340   Code   RO         1096    i.HAL_GPIO_Init     stm32f1xx_hal_gpio.o
    0x08001168   0x08001168   0x00000014   Code   RO         1099    i.HAL_GPIO_TogglePin  stm32f1xx_hal_gpio.o
    0x0800117c   0x0800117c   0x0000000c   Code   RO         1100    i.HAL_GPIO_WritePin  stm32f1xx_hal_gpio.o
    0x08001188   0x08001188   0x0000000c   Code   RO          713    i.HAL_GetTick       stm32f1xx_hal.o
    0x08001194   0x08001194   0x00000018   Code   RO          719    i.HAL_IncTick       stm32f1xx_hal.o
    0x080011ac   0x080011ac   0x00000028   Code   RO          720    i.HAL_Init          stm32f1xx_hal.o
    0x080011d4   0x080011d4   0x0000004c   Code   RO          721    i.HAL_InitTick      stm32f1xx_hal.o
    0x08001220   0x08001220   0x00000002   Code   RO          723    i.HAL_MspInit       stm32f1xx_hal.o
    0x08001222   0x08001222   0x00000020   Code   RO          878    i.HAL_NVIC_EnableIRQ  stm32f1xx_hal_cortex.o
    0x08001242   0x08001242   0x0000007c   Code   RO          884    i.HAL_NVIC_SetPriority  stm32f1xx_hal_cortex.o
    0x080012be   0x080012be   0x00000002   PAD
    0x080012c0   0x080012c0   0x00000028   Code   RO          885    i.HAL_NVIC_SetPriorityGrouping  stm32f1xx_hal_cortex.o
    0x080012e8   0x080012e8   0x0000018c   Code   RO         1321    i.HAL_RCC_ClockConfig  stm32f1xx_hal_rcc.o
    0x08001474   0x08001474   0x0000000c   Code   RO         1326    i.HAL_RCC_GetHCLKFreq  stm32f1xx_hal_rcc.o
    0x08001480   0x08001480   0x00000020   Code   RO         1328    i.HAL_RCC_GetPCLK1Freq  stm32f1xx_hal_rcc.o
    0x080014a0   0x080014a0   0x00000020   Code   RO         1329    i.HAL_RCC_GetPCLK2Freq  stm32f1xx_hal_rcc.o
    0x080014c0   0x080014c0   0x00000094   Code   RO         1330    i.HAL_RCC_GetSysClockFreq  stm32f1xx_hal_rcc.o
    0x08001554   0x08001554   0x00000464   Code   RO         1333    i.HAL_RCC_OscConfig  stm32f1xx_hal_rcc.o
    0x080019b8   0x080019b8   0x000001c8   Code   RO         3661    i.HAL_SD_GetCardCSD  stm32f1xx_hal_sd.o
    0x08001b80   0x08001b80   0x00000024   Code   RO         3663    i.HAL_SD_GetCardState  stm32f1xx_hal_sd.o
    0x08001ba4   0x08001ba4   0x0000003c   Code   RO         3668    i.HAL_SD_Init       stm32f1xx_hal_sd.o
    0x08001be0   0x08001be0   0x00000084   Code   RO         3669    i.HAL_SD_InitCard   stm32f1xx_hal_sd.o
    0x08001c64   0x08001c64   0x00000144   Code   RO         4500    i.HAL_SD_MspInit    sdio_sdcard.o
    0x08001da8   0x08001da8   0x000002c0   Code   RO         3672    i.HAL_SD_ReadBlocks  stm32f1xx_hal_sd.o
    0x08002068   0x08002068   0x00000254   Code   RO         3677    i.HAL_SD_WriteBlocks  stm32f1xx_hal_sd.o
    0x080022bc   0x080022bc   0x000000d4   Code   RO         3316    i.HAL_SPI_Init      stm32f1xx_hal_spi.o
    0x08002390   0x08002390   0x000000b0   Code   RO         4570    i.HAL_SPI_MspInit   spi.o
    0x08002440   0x08002440   0x000002ee   Code   RO         3325    i.HAL_SPI_TransmitReceive  stm32f1xx_hal_spi.o
    0x0800272e   0x0800272e   0x00000066   Code   RO         2064    i.HAL_SRAM_Init     stm32f1xx_hal_sram.o
    0x08002794   0x08002794   0x00000090   Code   RO         4239    i.HAL_SRAM_MspInit  lcd.o
    0x08002824   0x08002824   0x00000034   Code   RO          889    i.HAL_SYSTICK_Config  stm32f1xx_hal_cortex.o
    0x08002858   0x08002858   0x00000066   Code   RO         2323    i.HAL_TIM_Base_Init  stm32f1xx_hal_tim.o
    0x080028be   0x080028be   0x00000002   Code   RO         2325    i.HAL_TIM_Base_MspInit  stm32f1xx_hal_tim.o
    0x080028c0   0x080028c0   0x00000090   Code   RO         2328    i.HAL_TIM_Base_Start_IT  stm32f1xx_hal_tim.o
    0x08002950   0x08002950   0x00000002   Code   RO         1484    i.HAL_UART_ErrorCallback  stm32f1xx_hal_uart.o
    0x08002952   0x08002952   0x00000002   PAD
    0x08002954   0x08002954   0x00000154   Code   RO         1487    i.HAL_UART_IRQHandler  stm32f1xx_hal_uart.o
    0x08002aa8   0x08002aa8   0x00000072   Code   RO         1488    i.HAL_UART_Init     stm32f1xx_hal_uart.o
    0x08002b1a   0x08002b1a   0x00000002   PAD
    0x08002b1c   0x08002b1c   0x000000b4   Code   RO          625    i.HAL_UART_MspInit  usart.o
    0x08002bd0   0x08002bd0   0x00000070   Code   RO         1493    i.HAL_UART_Receive_IT  stm32f1xx_hal_uart.o
    0x08002c40   0x08002c40   0x0000009c   Code   RO          626    i.HAL_UART_RxCpltCallback  usart.o
    0x08002cdc   0x08002cdc   0x00000002   Code   RO         1499    i.HAL_UART_TxCpltCallback  stm32f1xx_hal_uart.o
    0x08002cde   0x08002cde   0x00000004   Code   RO          307    i.HardFault_Handler  stm32f1xx_it.o
    0x08002ce2   0x08002ce2   0x00000004   Code   RO          308    i.MemManage_Handler  stm32f1xx_it.o
    0x08002ce6   0x08002ce6   0x00000002   Code   RO          309    i.NMI_Handler       stm32f1xx_it.o
    0x08002ce8   0x08002ce8   0x00000002   Code   RO          310    i.PendSV_Handler    stm32f1xx_it.o
    0x08002cea   0x08002cea   0x00000002   PAD
    0x08002cec   0x08002cec   0x00000028   Code   RO         1334    i.RCC_Delay         stm32f1xx_hal_rcc.o
    0x08002d14   0x08002d14   0x0000002c   Code   RO         3908    i.SDIO_ConfigData   stm32f1xx_ll_sdmmc.o
    0x08002d40   0x08002d40   0x00000008   Code   RO         3909    i.SDIO_GetCommandResponse  stm32f1xx_ll_sdmmc.o
    0x08002d48   0x08002d48   0x0000000a   Code   RO         3912    i.SDIO_GetPowerState  stm32f1xx_ll_sdmmc.o
    0x08002d52   0x08002d52   0x0000000c   Code   RO         3913    i.SDIO_GetResponse  stm32f1xx_ll_sdmmc.o
    0x08002d5e   0x08002d5e   0x00000034   Code   RO         3914    i.SDIO_Init         stm32f1xx_ll_sdmmc.o
    0x08002d92   0x08002d92   0x00000012   Code   RO         3916    i.SDIO_PowerState_ON  stm32f1xx_ll_sdmmc.o
    0x08002da4   0x08002da4   0x00000008   Code   RO         3917    i.SDIO_ReadFIFO     stm32f1xx_ll_sdmmc.o
    0x08002dac   0x08002dac   0x00000028   Code   RO         3918    i.SDIO_SendCommand  stm32f1xx_ll_sdmmc.o
    0x08002dd4   0x08002dd4   0x0000000c   Code   RO         3920    i.SDIO_WriteFIFO    stm32f1xx_ll_sdmmc.o
    0x08002de0   0x08002de0   0x00000038   Code   RO         3921    i.SDMMC_CmdAppCommand  stm32f1xx_ll_sdmmc.o
    0x08002e18   0x08002e18   0x0000003c   Code   RO         3922    i.SDMMC_CmdAppOperCommand  stm32f1xx_ll_sdmmc.o
    0x08002e54   0x08002e54   0x00000038   Code   RO         3923    i.SDMMC_CmdBlockLength  stm32f1xx_ll_sdmmc.o
    0x08002e8c   0x08002e8c   0x0000002c   Code   RO         3928    i.SDMMC_CmdGoIdleState  stm32f1xx_ll_sdmmc.o
    0x08002eb8   0x08002eb8   0x00000034   Code   RO         3930    i.SDMMC_CmdOperCond  stm32f1xx_ll_sdmmc.o
    0x08002eec   0x08002eec   0x00000038   Code   RO         3931    i.SDMMC_CmdReadMultiBlock  stm32f1xx_ll_sdmmc.o
    0x08002f24   0x08002f24   0x00000038   Code   RO         3932    i.SDMMC_CmdReadSingleBlock  stm32f1xx_ll_sdmmc.o
    0x08002f5c   0x08002f5c   0x0000003a   Code   RO         3935    i.SDMMC_CmdSelDesel  stm32f1xx_ll_sdmmc.o
    0x08002f96   0x08002f96   0x00000032   Code   RO         3936    i.SDMMC_CmdSendCID  stm32f1xx_ll_sdmmc.o
    0x08002fc8   0x08002fc8   0x00000032   Code   RO         3937    i.SDMMC_CmdSendCSD  stm32f1xx_ll_sdmmc.o
    0x08002ffa   0x08002ffa   0x00000038   Code   RO         3939    i.SDMMC_CmdSendStatus  stm32f1xx_ll_sdmmc.o
    0x08003032   0x08003032   0x00000038   Code   RO         3940    i.SDMMC_CmdSetRelAdd  stm32f1xx_ll_sdmmc.o
    0x0800306a   0x0800306a   0x00000002   PAD
    0x0800306c   0x0800306c   0x0000003c   Code   RO         3942    i.SDMMC_CmdStopTransfer  stm32f1xx_ll_sdmmc.o
    0x080030a8   0x080030a8   0x00000038   Code   RO         3944    i.SDMMC_CmdWriteMultiBlock  stm32f1xx_ll_sdmmc.o
    0x080030e0   0x080030e0   0x00000038   Code   RO         3945    i.SDMMC_CmdWriteSingleBlock  stm32f1xx_ll_sdmmc.o
    0x08003118   0x08003118   0x00000040   Code   RO         3946    i.SDMMC_GetCmdError  stm32f1xx_ll_sdmmc.o
    0x08003158   0x08003158   0x000001ac   Code   RO         3947    i.SDMMC_GetCmdResp1  stm32f1xx_ll_sdmmc.o
    0x08003304   0x08003304   0x00000064   Code   RO         3948    i.SDMMC_GetCmdResp2  stm32f1xx_ll_sdmmc.o
    0x08003368   0x08003368   0x00000058   Code   RO         3949    i.SDMMC_GetCmdResp3  stm32f1xx_ll_sdmmc.o
    0x080033c0   0x080033c0   0x000000b8   Code   RO         3950    i.SDMMC_GetCmdResp6  stm32f1xx_ll_sdmmc.o
    0x08003478   0x08003478   0x0000006c   Code   RO         3951    i.SDMMC_GetCmdResp7  stm32f1xx_ll_sdmmc.o
    0x080034e4   0x080034e4   0x00000102   Code   RO         3686    i.SD_InitCard       stm32f1xx_hal_sd.o
    0x080035e6   0x080035e6   0x00000002   PAD
    0x080035e8   0x080035e8   0x000000cc   Code   RO         3688    i.SD_PowerON        stm32f1xx_hal_sd.o
    0x080036b4   0x080036b4   0x00000030   Code   RO         3691    i.SD_SendStatus     stm32f1xx_hal_sd.o
    0x080036e4   0x080036e4   0x00000028   Code   RO         3356    i.SPI_EndRxTxTransaction  stm32f1xx_hal_spi.o
    0x0800370c   0x0800370c   0x00000006   Code   RO         3357    i.SPI_ISCRCErrorValid  stm32f1xx_hal_spi.o
    0x08003712   0x08003712   0x00000002   PAD
    0x08003714   0x08003714   0x000000d8   Code   RO         3364    i.SPI_WaitFlagStateUntilTimeout  stm32f1xx_hal_spi.o
    0x080037ec   0x080037ec   0x00000002   Code   RO          311    i.SVC_Handler       stm32f1xx_it.o
    0x080037ee   0x080037ee   0x00000008   Code   RO          312    i.SysTick_Handler   stm32f1xx_it.o
    0x080037f6   0x080037f6   0x00000002   Code   RO          269    i.SystemInit        system_stm32f1xx.o
    0x080037f8   0x080037f8   0x00000044   Code   RO         5700    i.TIM4_IRQHandler   usmart_port.o
    0x0800383c   0x0800383c   0x0000009c   Code   RO         2416    i.TIM_Base_SetConfig  stm32f1xx_hal_tim.o
    0x080038d8   0x080038d8   0x00000014   Code   RO         1501    i.UART_DMAAbortOnError  stm32f1xx_hal_uart.o
    0x080038ec   0x080038ec   0x00000020   Code   RO         1511    i.UART_EndRxTransfer  stm32f1xx_hal_uart.o
    0x0800390c   0x0800390c   0x00000020   Code   RO         1512    i.UART_EndTransmit_IT  stm32f1xx_hal_uart.o
    0x0800392c   0x0800392c   0x000000a0   Code   RO         1514    i.UART_Receive_IT   stm32f1xx_hal_uart.o
    0x080039cc   0x080039cc   0x000000fc   Code   RO         1515    i.UART_SetConfig    stm32f1xx_hal_uart.o
    0x08003ac8   0x08003ac8   0x00000060   Code   RO         1516    i.UART_Transmit_IT  stm32f1xx_hal_uart.o
    0x08003b28   0x08003b28   0x00000010   Code   RO          627    i.USART1_IRQHandler  usart.o
    0x08003b38   0x08003b38   0x00000004   Code   RO          313    i.UsageFault_Handler  stm32f1xx_it.o
    0x08003b3c   0x08003b3c   0x00000010   Code   RO          891    i.__NVIC_GetPriorityGrouping  stm32f1xx_hal_cortex.o
    0x08003b4c   0x08003b4c   0x00000028   Code   RO          892    i.__NVIC_SetPriority  stm32f1xx_hal_cortex.o
    0x08003b74   0x08003b74   0x0000000e   Code   RO         5885    i._is_digit         c_w.l(__printf_wp.o)
    0x08003b82   0x08003b82   0x00000004   Code   RO          629    i._sys_exit         usart.o
    0x08003b86   0x08003b86   0x0000008a   Code   RO         4842    i.change_bitmap     ff.o
    0x08003c10   0x08003c10   0x00000104   Code   RO         4843    i.check_fs          ff.o
    0x08003d14   0x08003d14   0x00000062   Code   RO         4844    i.clmt_clust        ff.o
    0x08003d76   0x08003d76   0x0000001a   Code   RO         4845    i.clst2sect         ff.o
    0x08003d90   0x08003d90   0x00000098   Code   RO         4846    i.cmp_lfn           ff.o
    0x08003e28   0x08003e28   0x000001cc   Code   RO         4847    i.create_chain      ff.o
    0x08003ff4   0x08003ff4   0x0000025c   Code   RO         4848    i.create_name       ff.o
    0x08004250   0x08004250   0x0000015a   Code   RO         4849    i.create_partition  ff.o
    0x080043aa   0x080043aa   0x00000090   Code   RO         4850    i.create_xdir       ff.o
    0x0800443a   0x0800443a   0x00000002   PAD
    0x0800443c   0x0800443c   0x00000034   Code   RO         4851    i.dbc_1st           ff.o
    0x08004470   0x08004470   0x00000048   Code   RO         4852    i.dbc_2nd           ff.o
    0x080044b8   0x080044b8   0x0000000c   Code   RO          509    i.delay_init        delay.o
    0x080044c4   0x080044c4   0x00000012   Code   RO          510    i.delay_ms          delay.o
    0x080044d6   0x080044d6   0x00000002   PAD
    0x080044d8   0x080044d8   0x00000048   Code   RO          511    i.delay_us          delay.o
    0x08004520   0x08004520   0x0000007c   Code   RO         4853    i.dir_alloc         ff.o
    0x0800459c   0x0800459c   0x000000c2   Code   RO         4854    i.dir_clear         ff.o
    0x0800465e   0x0800465e   0x000001a8   Code   RO         4855    i.dir_find          ff.o
    0x08004806   0x08004806   0x000000e0   Code   RO         4856    i.dir_next          ff.o
    0x080048e6   0x080048e6   0x00000102   Code   RO         4857    i.dir_read          ff.o
    0x080049e8   0x080049e8   0x0000022a   Code   RO         4858    i.dir_register      ff.o
    0x08004c12   0x08004c12   0x00000072   Code   RO         4859    i.dir_remove        ff.o
    0x08004c84   0x08004c84   0x000000aa   Code   RO         4860    i.dir_sdi           ff.o
    0x08004d2e   0x08004d2e   0x0000002c   Code   RO         4794    i.disk_initialize   diskio.o
    0x08004d5a   0x08004d5a   0x00000002   PAD
    0x08004d5c   0x08004d5c   0x000000b4   Code   RO         4795    i.disk_ioctl        diskio.o
    0x08004e10   0x08004e10   0x0000007e   Code   RO         4796    i.disk_read         diskio.o
    0x08004e8e   0x08004e8e   0x00000006   Code   RO         4797    i.disk_status       diskio.o
    0x08004e94   0x08004e94   0x0000007e   Code   RO         4798    i.disk_write        diskio.o
    0x08004f12   0x08004f12   0x0000004a   Code   RO         5365    i.exfuns_get_free   exfuns.o
    0x08004f5c   0x08004f5c   0x00000044   Code   RO         5367    i.exfuns_init       exfuns.o
    0x08004fa0   0x08004fa0   0x00000026   Code   RO         4861    i.f_close           ff.o
    0x08004fc6   0x08004fc6   0x00000018   Code   RO         4862    i.f_closedir        ff.o
    0x08004fde   0x08004fde   0x0000015c   Code   RO         4863    i.f_getfree         ff.o
    0x0800513a   0x0800513a   0x0000013c   Code   RO         4864    i.f_getlabel        ff.o
    0x08005276   0x08005276   0x00000050   Code   RO         4865    i.f_gets            ff.o
    0x080052c6   0x080052c6   0x00000456   Code   RO         4866    i.f_lseek           ff.o
    0x0800571c   0x0800571c   0x000001a2   Code   RO         4867    i.f_mkdir           ff.o
    0x080058be   0x080058be   0x00000002   PAD
    0x080058c0   0x080058c0   0x00000dfc   Code   RO         4868    i.f_mkfs            ff.o
    0x080066bc   0x080066bc   0x00000054   Code   RO         4869    i.f_mount           ff.o
    0x08006710   0x08006710   0x00000312   Code   RO         4870    i.f_open            ff.o
    0x08006a22   0x08006a22   0x000000b8   Code   RO         4871    i.f_opendir         ff.o
    0x08006ada   0x08006ada   0x00000022   Code   RO         4873    i.f_putc            ff.o
    0x08006afc   0x08006afc   0x0000002c   Code   RO         4874    i.f_puts            ff.o
    0x08006b28   0x08006b28   0x00000228   Code   RO         4875    i.f_read            ff.o
    0x08006d50   0x08006d50   0x00000070   Code   RO         4876    i.f_readdir         ff.o
    0x08006dc0   0x08006dc0   0x00000204   Code   RO         4877    i.f_rename          ff.o
    0x08006fc4   0x08006fc4   0x000001ec   Code   RO         4878    i.f_setlabel        ff.o
    0x080071b0   0x080071b0   0x000001a8   Code   RO         4880    i.f_sync            ff.o
    0x08007358   0x08007358   0x000000fc   Code   RO         4882    i.f_unlink          ff.o
    0x08007454   0x08007454   0x00000284   Code   RO         4883    i.f_write           ff.o
    0x080076d8   0x080076d8   0x0000000e   Code   RO         5295    i.ff_memalloc       ffsystem.o
    0x080076e6   0x080076e6   0x0000000e   Code   RO         5296    i.ff_memfree        ffsystem.o
    0x080076f4   0x080076f4   0x00000068   Code   RO         5328    i.ff_oem2uni        ffunicode.o
    0x0800775c   0x0800775c   0x00000074   Code   RO         5329    i.ff_uni2oem        ffunicode.o
    0x080077d0   0x080077d0   0x000000b0   Code   RO         5330    i.ff_wtoupper       ffunicode.o
    0x08007880   0x08007880   0x00000036   Code   RO         4884    i.fill_first_frag   ff.o
    0x080078b6   0x080078b6   0x00000044   Code   RO         4885    i.fill_last_frag    ff.o
    0x080078fa   0x080078fa   0x000000a4   Code   RO         4886    i.find_bitmap       ff.o
    0x0800799e   0x0800799e   0x00000078   Code   RO         4887    i.find_volume       ff.o
    0x08007a16   0x08007a16   0x000000c4   Code   RO         4888    i.follow_path       ff.o
    0x08007ada   0x08007ada   0x00000002   PAD
    0x08007adc   0x08007adc   0x0000001c   Code   RO          631    i.fputc             usart.o
    0x08007af8   0x08007af8   0x000000d4   Code   RO         4889    i.gen_numname       ff.o
    0x08007bcc   0x08007bcc   0x00000194   Code   RO         4890    i.get_fat           ff.o
    0x08007d60   0x08007d60   0x00000004   Code   RO         5297    i.get_fattime       ffsystem.o
    0x08007d64   0x08007d64   0x0000027a   Code   RO         4891    i.get_fileinfo      ff.o
    0x08007fde   0x08007fde   0x0000004e   Code   RO         4892    i.get_ldnumber      ff.o
    0x0800802c   0x0800802c   0x00000018   Code   RO         4502    i.get_sd_card_state  sdio_sdcard.o
    0x08008044   0x08008044   0x00000032   Code   RO         4893    i.init_alloc_info   ff.o
    0x08008076   0x08008076   0x00000002   PAD
    0x08008078   0x08008078   0x000000b8   Code   RO         4208    i.key_init          key.o
    0x08008130   0x08008130   0x00000034   Code   RO         4240    i.lcd_clear         lcd.o
    0x08008164   0x08008164   0x0000016c   Code   RO         4242    i.lcd_display_dir   lcd.o
    0x080082d0   0x080082d0   0x00000020   Code   RO         4248    i.lcd_draw_point    lcd.o
    0x080082f0   0x080082f0   0x0000022c   Code   RO         4250    i.lcd_ex_ili9341_reginit  lcd.o
    0x0800851c   0x0800851c   0x00000340   Code   RO         4251    i.lcd_ex_ili9806_reginit  lcd.o
    0x0800885c   0x0800885c   0x00000ef2   Code   RO         4252    i.lcd_ex_nt35310_reginit  lcd.o
    0x0800974e   0x0800974e   0x00000efc   Code   RO         4253    i.lcd_ex_nt35510_reginit  lcd.o
    0x0800a64a   0x0800a64a   0x0000016e   Code   RO         4254    i.lcd_ex_ssd1963_reginit  lcd.o
    0x0800a7b8   0x0800a7b8   0x000001a8   Code   RO         4255    i.lcd_ex_st7789_reginit  lcd.o
    0x0800a960   0x0800a960   0x000001c6   Code   RO         4256    i.lcd_ex_st7796_reginit  lcd.o
    0x0800ab26   0x0800ab26   0x00000002   PAD
    0x0800ab28   0x0800ab28   0x00000054   Code   RO         4257    i.lcd_fill          lcd.o
    0x0800ab7c   0x0800ab7c   0x00000468   Code   RO         4259    i.lcd_init          lcd.o
    0x0800afe4   0x0800afe4   0x0000000c   Code   RO         4260    i.lcd_opt_delay     lcd.o
    0x0800aff0   0x0800aff0   0x00000016   Code   RO         4261    i.lcd_pow           lcd.o
    0x0800b006   0x0800b006   0x00000002   PAD
    0x0800b008   0x0800b008   0x00000018   Code   RO         4262    i.lcd_rd_data       lcd.o
    0x0800b020   0x0800b020   0x0000023c   Code   RO         4264    i.lcd_scan_dir      lcd.o
    0x0800b25c   0x0800b25c   0x00000120   Code   RO         4265    i.lcd_set_cursor    lcd.o
    0x0800b37c   0x0800b37c   0x00000140   Code   RO         4267    i.lcd_show_char     lcd.o
    0x0800b4bc   0x0800b4bc   0x00000098   Code   RO         4268    i.lcd_show_num      lcd.o
    0x0800b554   0x0800b554   0x0000006a   Code   RO         4269    i.lcd_show_string   lcd.o
    0x0800b5be   0x0800b5be   0x00000002   PAD
    0x0800b5c0   0x0800b5c0   0x00000054   Code   RO         4271    i.lcd_ssd_backlight_set  lcd.o
    0x0800b614   0x0800b614   0x00000018   Code   RO         4272    i.lcd_wr_data       lcd.o
    0x0800b62c   0x0800b62c   0x00000018   Code   RO         4273    i.lcd_wr_regno      lcd.o
    0x0800b644   0x0800b644   0x00000014   Code   RO         4274    i.lcd_write_ram_prepare  lcd.o
    0x0800b658   0x0800b658   0x00000010   Code   RO         4275    i.lcd_write_reg     lcd.o
    0x0800b668   0x0800b668   0x00000026   Code   RO         4894    i.ld_clust          ff.o
    0x0800b68e   0x0800b68e   0x00000018   Code   RO         4895    i.ld_dword          ff.o
    0x0800b6a6   0x0800b6a6   0x00000062   Code   RO         4896    i.ld_qword          ff.o
    0x0800b708   0x0800b708   0x0000000c   Code   RO         4897    i.ld_word           ff.o
    0x0800b714   0x0800b714   0x00000090   Code   RO         4184    i.led_init          led.o
    0x0800b7a4   0x0800b7a4   0x00000040   Code   RO         4898    i.load_obj_xdir     ff.o
    0x0800b7e4   0x0800b7e4   0x0000010e   Code   RO         4899    i.load_xdir         ff.o
    0x0800b8f2   0x0800b8f2   0x00000002   PAD
    0x0800b8f4   0x0800b8f4   0x000003a8   Code   RO           13    i.main              main.o
    0x0800bc9c   0x0800bc9c   0x00000014   Code   RO         5439    i.mf_close          fattester.o
    0x0800bcb0   0x0800bcb0   0x00000010   Code   RO         5440    i.mf_closedir       fattester.o
    0x0800bcc0   0x0800bcc0   0x0000002c   Code   RO         5441    i.mf_fmkfs          fattester.o
    0x0800bcec   0x0800bcec   0x00000020   Code   RO         5442    i.mf_free           fattester.o
    0x0800bd0c   0x0800bd0c   0x00000084   Code   RO         5443    i.mf_getlabel       fattester.o
    0x0800bd90   0x0800bd90   0x00000048   Code   RO         5444    i.mf_gets           fattester.o
    0x0800bdd8   0x0800bdd8   0x00000040   Code   RO         5445    i.mf_init           fattester.o
    0x0800be18   0x0800be18   0x00000018   Code   RO         5446    i.mf_lseek          fattester.o
    0x0800be30   0x0800be30   0x0000000c   Code   RO         5447    i.mf_mkdir          fattester.o
    0x0800be3c   0x0800be3c   0x00000018   Code   RO         5448    i.mf_mount          fattester.o
    0x0800be54   0x0800be54   0x0000001c   Code   RO         5449    i.mf_open           fattester.o
    0x0800be70   0x0800be70   0x00000014   Code   RO         5450    i.mf_opendir        fattester.o
    0x0800be84   0x0800be84   0x00000018   Code   RO         5451    i.mf_putc           fattester.o
    0x0800be9c   0x0800be9c   0x00000018   Code   RO         5452    i.mf_puts           fattester.o
    0x0800beb4   0x0800beb4   0x0000015c   Code   RO         5453    i.mf_read           fattester.o
    0x0800c010   0x0800c010   0x00000274   Code   RO         5454    i.mf_readdir        fattester.o
    0x0800c284   0x0800c284   0x00000010   Code   RO         5455    i.mf_rename         fattester.o
    0x0800c294   0x0800c294   0x00000064   Code   RO         5456    i.mf_scan_files     fattester.o
    0x0800c2f8   0x0800c2f8   0x0000005c   Code   RO         5457    i.mf_setlabel       fattester.o
    0x0800c354   0x0800c354   0x000000a8   Code   RO         5458    i.mf_showfree       fattester.o
    0x0800c3fc   0x0800c3fc   0x0000000c   Code   RO         5459    i.mf_size           fattester.o
    0x0800c408   0x0800c408   0x0000000c   Code   RO         5460    i.mf_tell           fattester.o
    0x0800c414   0x0800c414   0x0000000c   Code   RO         5461    i.mf_unlink         fattester.o
    0x0800c420   0x0800c420   0x000000c4   Code   RO         5462    i.mf_write          fattester.o
    0x0800c4e4   0x0800c4e4   0x00000474   Code   RO         4900    i.mount_volume      ff.o
    0x0800c958   0x0800c958   0x00000034   Code   RO         4901    i.move_window       ff.o
    0x0800c98c   0x0800c98c   0x0000006c   Code   RO         4715    i.my_mem_free       malloc.o
    0x0800c9f8   0x0800c9f8   0x00000030   Code   RO         4716    i.my_mem_init       malloc.o
    0x0800ca28   0x0800ca28   0x000000a8   Code   RO         4717    i.my_mem_malloc     malloc.o
    0x0800cad0   0x0800cad0   0x00000040   Code   RO         4718    i.my_mem_perused    malloc.o
    0x0800cb10   0x0800cb10   0x00000014   Code   RO         4719    i.my_mem_set        malloc.o
    0x0800cb24   0x0800cb24   0x00000024   Code   RO         4720    i.myfree            malloc.o
    0x0800cb48   0x0800cb48   0x00000028   Code   RO         4721    i.mymalloc          malloc.o
    0x0800cb70   0x0800cb70   0x00000044   Code   RO         4619    i.norflash_erase_sector  norflash.o
    0x0800cbb4   0x0800cbb4   0x000000b8   Code   RO         4620    i.norflash_init     norflash.o
    0x0800cc6c   0x0800cc6c   0x00000050   Code   RO         4621    i.norflash_read     norflash.o
    0x0800ccbc   0x0800ccbc   0x00000050   Code   RO         4622    i.norflash_read_id  norflash.o
    0x0800cd0c   0x0800cd0c   0x0000005c   Code   RO         4623    i.norflash_read_sr  norflash.o
    0x0800cd68   0x0800cd68   0x00000034   Code   RO         4624    i.norflash_send_address  norflash.o
    0x0800cd9c   0x0800cd9c   0x00000014   Code   RO         4625    i.norflash_wait_busy  norflash.o
    0x0800cdb0   0x0800cdb0   0x000000b8   Code   RO         4626    i.norflash_write    norflash.o
    0x0800ce68   0x0800ce68   0x0000002c   Code   RO         4627    i.norflash_write_enable  norflash.o
    0x0800ce94   0x0800ce94   0x00000046   Code   RO         4628    i.norflash_write_nocheck  norflash.o
    0x0800ceda   0x0800ceda   0x00000002   PAD
    0x0800cedc   0x0800cedc   0x00000058   Code   RO         4629    i.norflash_write_page  norflash.o
    0x0800cf34   0x0800cf34   0x00000058   Code   RO         4630    i.norflash_write_sr  norflash.o
    0x0800cf8c   0x0800cf8c   0x0000008c   Code   RO         4902    i.pick_lfn          ff.o
    0x0800d018   0x0800d018   0x00000144   Code   RO         4903    i.put_fat           ff.o
    0x0800d15c   0x0800d15c   0x00000080   Code   RO         4904    i.put_lfn           ff.o
    0x0800d1dc   0x0800d1dc   0x00000042   Code   RO         4905    i.put_utf           ff.o
    0x0800d21e   0x0800d21e   0x00000044   Code   RO         4906    i.putc_bfd          ff.o
    0x0800d262   0x0800d262   0x0000002c   Code   RO         4907    i.putc_flush        ff.o
    0x0800d28e   0x0800d28e   0x00000012   Code   RO         4908    i.putc_init         ff.o
    0x0800d2a0   0x0800d2a0   0x00000006   Code   RO         5608    i.read_addr         usmart.o
    0x0800d2a6   0x0800d2a6   0x0000014a   Code   RO         4909    i.remove_chain      ff.o
    0x0800d3f0   0x0800d3f0   0x00000038   Code   RO         4503    i.sd_init           sdio_sdcard.o
    0x0800d428   0x0800d428   0x00000050   Code   RO         4504    i.sd_read_disk      sdio_sdcard.o
    0x0800d478   0x0800d478   0x00000050   Code   RO         4505    i.sd_write_disk     sdio_sdcard.o
    0x0800d4c8   0x0800d4c8   0x0000007c   Code   RO         4571    i.spi2_init         spi.o
    0x0800d544   0x0800d544   0x00000020   Code   RO         4572    i.spi2_read_write_byte  spi.o
    0x0800d564   0x0800d564   0x00000048   Code   RO         4573    i.spi2_set_speed    spi.o
    0x0800d5ac   0x0800d5ac   0x00000024   Code   RO         4910    i.st_clust          ff.o
    0x0800d5d0   0x0800d5d0   0x00000018   Code   RO         4911    i.st_dword          ff.o
    0x0800d5e8   0x0800d5e8   0x0000005c   Code   RO         4912    i.st_qword          ff.o
    0x0800d644   0x0800d644   0x0000000c   Code   RO         4913    i.st_word           ff.o
    0x0800d650   0x0800d650   0x00000072   Code   RO         4914    i.store_xdir        ff.o
    0x0800d6c2   0x0800d6c2   0x00000020   Code   RO         4915    i.sum_sfn           ff.o
    0x0800d6e2   0x0800d6e2   0x00000002   PAD
    0x0800d6e4   0x0800d6e4   0x0000008c   Code   RO         4916    i.sync_fs           ff.o
    0x0800d770   0x0800d770   0x0000004a   Code   RO         4917    i.sync_window       ff.o
    0x0800d7ba   0x0800d7ba   0x00000066   Code   RO          558    i.sys_stm32_clock_init  sys.o
    0x0800d820   0x0800d820   0x0000004c   Code   RO         4918    i.tchar2uni         ff.o
    0x0800d86c   0x0800d86c   0x00000038   Code   RO          632    i.usart_init        usart.o
    0x0800d8a4   0x0800d8a4   0x000000b0   Code   RO         5609    i.usmart_cmd_rec    usmart.o
    0x0800d954   0x0800d954   0x000002d4   Code   RO         5610    i.usmart_exe        usmart.o
    0x0800dc28   0x0800dc28   0x000000d4   Code   RO         5751    i.usmart_get_aparm  usmart_str.o
    0x0800dcfc   0x0800dcfc   0x00000036   Code   RO         5752    i.usmart_get_cmdname  usmart_str.o
    0x0800dd32   0x0800dd32   0x00000002   PAD
    0x0800dd34   0x0800dd34   0x000001c0   Code   RO         5753    i.usmart_get_fname  usmart_str.o
    0x0800def4   0x0800def4   0x0000010c   Code   RO         5754    i.usmart_get_fparam  usmart_str.o
    0x0800e000   0x0800e000   0x00000028   Code   RO         5701    i.usmart_get_input_string  usmart_port.o
    0x0800e028   0x0800e028   0x00000020   Code   RO         5755    i.usmart_get_parmpos  usmart_str.o
    0x0800e048   0x0800e048   0x00000028   Code   RO         5611    i.usmart_init       usmart.o
    0x0800e070   0x0800e070   0x00000016   Code   RO         5756    i.usmart_pow        usmart_str.o
    0x0800e086   0x0800e086   0x00000002   PAD
    0x0800e088   0x0800e088   0x000000a8   Code   RO         5612    i.usmart_scan       usmart.o
    0x0800e130   0x0800e130   0x00000016   Code   RO         5757    i.usmart_search_nextc  usmart_str.o
    0x0800e146   0x0800e146   0x00000106   Code   RO         5758    i.usmart_str2num    usmart_str.o
    0x0800e24c   0x0800e24c   0x00000022   Code   RO         5759    i.usmart_strcmp     usmart_str.o
    0x0800e26e   0x0800e26e   0x00000016   Code   RO         5760    i.usmart_strcopy    usmart_str.o
    0x0800e284   0x0800e284   0x00000018   Code   RO         5761    i.usmart_strlen     usmart_str.o
    0x0800e29c   0x0800e29c   0x000006f4   Code   RO         5613    i.usmart_sys_cmd_exe  usmart.o
    0x0800e990   0x0800e990   0x00000044   Code   RO         5702    i.usmart_timx_get_time  usmart_port.o
    0x0800e9d4   0x0800e9d4   0x00000060   Code   RO         5703    i.usmart_timx_init  usmart_port.o
    0x0800ea34   0x0800ea34   0x00000034   Code   RO         5704    i.usmart_timx_reset_time  usmart_port.o
    0x0800ea68   0x0800ea68   0x0000003c   Code   RO         4919    i.validate          ff.o
    0x0800eaa4   0x0800eaa4   0x00000004   Code   RO         5614    i.write_addr        usmart.o
    0x0800eaa8   0x0800eaa8   0x0000003a   Code   RO         4920    i.xdir_sum          ff.o
    0x0800eae2   0x0800eae2   0x0000004c   Code   RO         4921    i.xname_sum         ff.o
    0x0800eb2e   0x0800eb2e   0x0000001a   Code   RO         4922    i.xsum32            ff.o
    0x0800eb48   0x0800eb48   0x0000005a   Code   RO         5928    x$fpl$dfixu         fz_ws.l(dfixu.o)
    0x0800eba2   0x0800eba2   0x00000026   Code   RO         5932    x$fpl$dfltu         fz_ws.l(dflt_clz.o)
    0x0800ebc8   0x0800ebc8   0x00000154   Code   RO         5938    x$fpl$dmul          fz_ws.l(dmul.o)
    0x0800ed1c   0x0800ed1c   0x0000009c   Code   RO         5957    x$fpl$dnaninf       fz_ws.l(dnaninf.o)
    0x0800edb8   0x0800edb8   0x0000000c   Code   RO         5959    x$fpl$dretinf       fz_ws.l(dretinf.o)
    0x0800edc4   0x0800edc4   0x00000000   Code   RO         5961    x$fpl$usenofp       fz_ws.l(usenofp.o)
    0x0800edc4   0x0800edc4   0x00000018   Data   RO          270    .constdata          system_stm32f1xx.o
    0x0800eddc   0x0800eddc   0x00002f80   Data   RO         4277    .constdata          lcd.o
    0x08011d5c   0x08011d5c   0x00000018   Data   RO         4726    .constdata          malloc.o
    0x08011d74   0x08011d74   0x00000058   Data   RO         4923    .constdata          ff.o
    0x08011dcc   0x08011dcc   0x0002abb6   Data   RO         5331    .constdata          ffunicode.o
    0x0803c982   0x0803c982   0x00000002   PAD
    0x0803c984   0x0803c984   0x00000010   Data   RO         5464    .constdata          fattester.o
    0x0803c994   0x0803c994   0x00000028   Data   RO         5858    .constdata          c_w.l(_printf_hex_int.o)
    0x0803c9bc   0x0803c9bc   0x00000011   Data   RO         5893    .constdata          c_w.l(__printf_flags_ss_wp.o)
    0x0803c9cd   0x0803c9cd   0x00000003   PAD
    0x0803c9d0   0x0803c9d0   0x00000028   Data   RO         5615    .conststring        usmart.o
    0x0803c9f8   0x0803c9f8   0x0000038c   Data   RO         5675    .conststring        usmart_config.o
    0x0803cd84   0x0803cd84   0x00000020   Data   RO         6121    Region$$Table       anon$$obj.o


    Execution Region RW_IRAM1 (Exec base: 0x20000000, Load base: 0x0803cda4, Size: 0x0000c6e8, Max: 0x00010000, ABSOLUTE, COMPRESSED[0x00000100])

    Exec Addr    Load Addr    Size         Type   Attr      Idx    E Section Name        Object

    0x20000000   COMPRESSED   0x00000004   Data   RW          271    .data               system_stm32f1xx.o
    0x20000004   COMPRESSED   0x00000004   Data   RW          512    .data               delay.o
    0x20000008   COMPRESSED   0x00000007   Data   RW          634    .data               usart.o
    0x2000000f   COMPRESSED   0x00000001   PAD
    0x20000010   COMPRESSED   0x00000009   Data   RW          727    .data               stm32f1xx_hal.o
    0x20000019   COMPRESSED   0x00000003   PAD
    0x2000001c   COMPRESSED   0x00000008   Data   RW         4278    .data               lcd.o
    0x20000024   COMPRESSED   0x00000002   Data   RW         4632    .data               norflash.o
    0x20000026   COMPRESSED   0x00000002   PAD
    0x20000028   COMPRESSED   0x0000001c   Data   RW         4727    .data               malloc.o
    0x20000044   COMPRESSED   0x0000000a   Data   RW         4924    .data               ff.o
    0x2000004e   COMPRESSED   0x00000002   PAD
    0x20000050   COMPRESSED   0x00000008   Data   RW         5370    .data               exfuns.o
    0x20000058   COMPRESSED   0x0000001c   Data   RW         5616    .data               usmart.o
    0x20000074   COMPRESSED   0x000001c4   Data   RW         5676    .data               usmart_config.o
    0x20000238        -       0x00000108   Zero   RW          633    .bss                usart.o
    0x20000340        -       0x00000056   Zero   RW         4276    .bss                lcd.o
    0x20000396   COMPRESSED   0x00000002   PAD
    0x20000398        -       0x000000a4   Zero   RW         4506    .bss                sdio_sdcard.o
    0x2000043c        -       0x00000058   Zero   RW         4574    .bss                spi.o
    0x20000494        -       0x00001000   Zero   RW         4631    .bss                norflash.o
    0x20001494   COMPRESSED   0x0000002c   PAD
    0x200014c0        -       0x0000aa00   Zero   RW         4725    .bss                malloc.o
    0x2000bec0        -       0x00000180   Zero   RW         5463    .bss                fattester.o
    0x2000c040        -       0x00000048   Zero   RW         5705    .bss                usmart_port.o
    0x2000c088        -       0x00000060   Zero   RW         6002    .bss                c_w.l(libspace.o)
    0x2000c0e8        -       0x00000200   Zero   RW            2    HEAP                startup_stm32f103xe.o
    0x2000c2e8        -       0x00000400   Zero   RW            1    STACK               startup_stm32f103xe.o



  Load Region LR$$.ARM.__AT_0x68000000 (Base: 0x68000000, Size: 0x00000000, Max: 0x00000020, ABSOLUTE)

    Execution Region ER$$.ARM.__AT_0x68000000 (Exec base: 0x68000000, Load base: 0x68000000, Size: 0x00000020, Max: 0x00000020, ABSOLUTE, UNINIT)

    Exec Addr    Load Addr    Size         Type   Attr      Idx    E Section Name        Object

    0x68000000        -       0x00000020   Zero   RW         4723    .ARM.__AT_0x68000000  malloc.o



  Load Region LR$$.ARM.__AT_0x68000020 (Base: 0x68000020, Size: 0x00000000, Max: 0x00000004, ABSOLUTE)

    Execution Region ER$$.ARM.__AT_0x68000020 (Exec base: 0x68000020, Load base: 0x68000020, Size: 0x00000004, Max: 0x00000004, ABSOLUTE, UNINIT)

    Exec Addr    Load Addr    Size         Type   Attr      Idx    E Section Name        Object

    0x68000020        -       0x00000002   Zero   RW         4724    .ARM.__AT_0x68000020  malloc.o


==============================================================================

Image component sizes


      Code (inc. data)   RO Data    RW Data    ZI Data      Debug   Object Name

       114         10          0          4          0       2887   delay.o
       482          4          0          0          0       5938   diskio.o
       142          4          0          8          0       2819   exfuns.o
      2120       1002         16          0        384      18138   fattester.o
     20068        218         88         10          0      98500   ff.o
        32          0          0          0          0       1889   ffsystem.o
       396         28     175030          0          0       6300   ffunicode.o
       184         12          0          0          0       1211   key.o
     13762        176      12160          8         86      29209   lcd.o
       144         12          0          0          0       1119   led.o
       936        294          0          0          0     531227   main.o
       484         54         24         28      43554       7279   malloc.o
      1050         54          0          2       4096       9656   norflash.o
       564         42          0          0        164       5055   sdio_sdcard.o
       404         34          0          0         88       3459   spi.o
        64         26        304          0       1536       1008   startup_stm32f103xe.o
       154         32          0          9          0       7239   stm32f1xx_hal.o
       304         22          0          0          0      30207   stm32f1xx_hal_cortex.o
       424         10          0          0          0       1455   stm32f1xx_hal_dma.o
       864         40          0          0          0       3749   stm32f1xx_hal_gpio.o
      1784        110          0          0          0       6896   stm32f1xx_hal_rcc.o
      2494         26          0          0          0      10187   stm32f1xx_hal_sd.o
      1224          6          0          0          0       5863   stm32f1xx_hal_spi.o
       102          0          0          0          0       1420   stm32f1xx_hal_sram.o
       404         44          0          0          0       3656   stm32f1xx_hal_tim.o
      1162         10          0          0          0       9023   stm32f1xx_hal_uart.o
        32          0          0          0          0       4842   stm32f1xx_it.o
       254         10          0          0          0       4271   stm32f1xx_ll_fsmc.o
      1998         46          0          0          0      25288   stm32f1xx_ll_sdmmc.o
       102          0          0          0          0        819   sys.o
         2          0         24          4          0       1655   system_stm32f1xx.o
       440         56          0          7        264       6289   usart.o
      2898       1308         40         28          0       6722   usmart.o
         0          0        908        452          0       1900   usmart_config.o
       324         50          0          0         72       4074   usmart_port.o
      1400         20          0          0          0      10309   usmart_str.o

    ----------------------------------------------------------------------
     57358       3760     188628        568      50292     871558   Object Totals
         0          0         32          0          0          0   (incl. Generated)
        46          0          2          8         48          0   (incl. Padding)

    ----------------------------------------------------------------------

      Code (inc. data)   RO Data    RW Data    ZI Data      Debug   Library Member Name

        90          0          0          0          0          0   __dczerorl2.o
         8          0          0          0          0         68   __main.o
       392          4         17          0          0         92   __printf_flags_ss_wp.o
        14          0          0          0          0         68   __printf_wp.o
         0          0          0          0          0          0   __rtentry.o
        12          0          0          0          0          0   __rtentry2.o
         6          0          0          0          0          0   __rtentry4.o
        52          8          0          0          0          0   __scatter.o
        28          0          0          0          0          0   __scatter_zi.o
         6          0          0          0          0          0   _printf_c.o
        44          0          0          0          0        108   _printf_char.o
        48          6          0          0          0         96   _printf_char_common.o
        36          4          0          0          0         80   _printf_char_file.o
         6          0          0          0          0          0   _printf_d.o
       120         16          0          0          0         92   _printf_dec.o
        88          4         40          0          0         88   _printf_hex_int.o
       178          0          0          0          0         88   _printf_intcommon.o
        10          0          0          0          0          0   _printf_ll.o
         6          0          0          0          0          0   _printf_lld.o
       124         16          0          0          0         92   _printf_longlong_dec.o
        78          0          0          0          0        108   _printf_pad.o
         0          0          0          0          0          0   _printf_percent.o
         4          0          0          0          0          0   _printf_percent_end.o
         6          0          0          0          0          0   _printf_s.o
        82          0          0          0          0         80   _printf_str.o
         6          0          0          0          0          0   _printf_u.o
         6          0          0          0          0          0   _printf_x.o
        16          0          0          0          0         68   aeabi_memset.o
        18          0          0          0          0         80   exit.o
         8          0          0          0          0         68   ferror.o
         6          0          0          0          0        152   heapauxi.o
         2          0          0          0          0          0   libinit.o
         2          0          0          0          0          0   libinit2.o
         2          0          0          0          0          0   libshutdown.o
         2          0          0          0          0          0   libshutdown2.o
         8          4          0          0         96         68   libspace.o
        72          0          0          0          0         76   llsdiv.o
       138          0          0          0          0         80   lludiv10.o
       238          0          0          0          0        100   lludivv7m.o
        88          0          0          0          0         76   memcmp.o
        24          4          0          0          0         84   noretval__2printf.o
        68          0          0          0          0         68   rt_memclr.o
        78          0          0          0          0         80   rt_memclr_w.o
       138          0          0          0          0         68   rt_memcpy_v6.o
       100          0          0          0          0         80   rt_memcpy_w.o
         2          0          0          0          0          0   rtexit.o
        10          0          0          0          0          0   rtexit2.o
        20          0          0          0          0         68   strchr.o
        74          0          0          0          0         80   sys_stackheap_outer.o
         2          0          0          0          0         68   use_no_semi.o
         2          0          0          0          0         68   use_no_semi_2.o
        90          4          0          0          0         92   dfixu.o
        38          0          0          0          0         68   dflt_clz.o
       340         12          0          0          0        104   dmul.o
       156          4          0          0          0         92   dnaninf.o
        12          0          0          0          0         68   dretinf.o
         0          0          0          0          0          0   usenofp.o

    ----------------------------------------------------------------------
      3206         86         60          0         96       2916   Library Totals
         2          0          3          0          0          0   (incl. Padding)

    ----------------------------------------------------------------------

      Code (inc. data)   RO Data    RW Data    ZI Data      Debug   Library Name

      2568         66         57          0         96       2492   c_w.l
       636         20          0          0          0        424   fz_ws.l

    ----------------------------------------------------------------------
      3206         86         60          0         96       2916   Library Totals

    ----------------------------------------------------------------------

==============================================================================


      Code (inc. data)   RO Data    RW Data    ZI Data      Debug   

     60564       3846     188688        568      50388     857518   Grand Totals
     60564       3846     188688        256      50388     857518   ELF Image Totals (compressed)
     60564       3846     188688        256          0          0   ROM Totals

==============================================================================

    Total RO  Size (Code + RO Data)               249252 ( 243.41kB)
    Total RW  Size (RW Data + ZI Data)             50956 (  49.76kB)
    Total ROM Size (Code + RO Data + RW Data)     249508 ( 243.66kB)

==============================================================================

