<html>
<body>
<pre>
<h1>礦ision Build Log</h1>
<h2>Tool Versions:</h2>
IDE-Version: μVision V5.38.0.0
Copyright (C) 2022 ARM Ltd and ARM Germany GmbH. All rights reserved.
License Information: asd asd, ads, LIC=EXJT4-F6YYJ-45MT5-GJ7AX-YVSYI-NJ15D
 
Tool Versions:
Toolchain:       MDK-ARM Plus  Version: 5.38.0.0
Toolchain Path:  D:\Download\Keil_v5\ARM\ARMCC\Bin
C Compiler:      Armcc.exe V5.06 update 7 (build 960)
Assembler:       Armasm.exe V5.06 update 7 (build 960)
Linker/Locator:  ArmLink.exe V5.06 update 7 (build 960)
Library Manager: ArmAr.exe V5.06 update 7 (build 960)
Hex Converter:   FromElf.exe V5.06 update 7 (build 960)
CPU DLL:         SARMCM3.DLL V5.38.0.0
Dialog DLL:      DCM.DLL V1.17.5.0
Target DLL:      CMSIS_AGDI.dll V1.33.15.0
Dialog DLL:      TCM.DLL V1.56.4.0
 
<h2>Project:</h2>
D:\Download\STM32\【正点原子】精英STM32F103开发板 V2-资料盘(A盘)\4，程序源码\2，标准例程-HAL库版本\实验35 FATFS实验\Projects\MDK-ARM\atk_f103.uvprojx
Project File Date:  03/20/2024

<h2>Output:</h2>
*** Using Compiler 'V5.06 update 7 (build 960)', folder: 'D:\Download\Keil_v5\ARM\ARMCC\Bin'
Build target 'FTATS'
compiling usart.c...
compiling sys.c...
compiling stm32f1xx_hal_dma.c...
compiling stm32f1xx_hal_gpio_ex.c...
compiling stm32f1xx_hal_cortex.c...
compiling delay.c...
compiling main.c...
compiling system_stm32f1xx.c...
compiling stm32f1xx_it.c...
compiling stm32f1xx_hal_gpio.c...
compiling stm32f1xx_hal.c...
compiling stm32f1xx_hal_tim_ex.c...
compiling stm32f1xx_hal_spi.c...
compiling stm32f1xx_hal_rcc_ex.c...
compiling stm32f1xx_ll_fsmc.c...
compiling stm32f1xx_hal_sram.c...
compiling stm32f1xx_hal_pwr.c...
compiling stm32f1xx_hal_uart.c...
compiling stm32f1xx_hal_usart.c...
compiling stm32f1xx_hal_rcc.c...
compiling stm32f1xx_hal_sd.c...
compiling ff.c...
compiling stm32f1xx_hal_tim.c...
compiling ffunicode.c...
compiling led.c...
compiling stm32f1xx_ll_sdmmc.c...
compiling key.c...
compiling malloc.c...
compiling exfuns.c...
compiling sdio_sdcard.c...
compiling diskio.c...
compiling norflash.c...
compiling spi.c...
compiling ffsystem.c...
compiling lcd.c...
compiling usmart.c...
compiling usmart_port.c...
compiling usmart_config.c...
compiling usmart_str.c...
compiling fattester.c...
linking...
Program Size: Code=60564 RO-data=188688 RW-data=568 ZI-data=50388  
FromELF: creating hex file...
"..\..\Output\atk_f103.axf" - 0 Error(s), 0 Warning(s).

<h2>Software Packages used:</h2>

Package Vendor: Keil
                http://www.keil.com/pack/Keil.STM32F1xx_DFP.2.4.0.pack
                Keil.STM32F1xx_DFP.2.4.0
                STMicroelectronics STM32F1 Series Device Support, Drivers and Examples

<h2>Collection of Component include folders:</h2>
  D:/Download/Keil_v5/Arm/Packs/Keil/STM32F1xx_DFP/2.4.0/Device/Include

<h2>Collection of Component Files used:</h2>
Build Time Elapsed:  00:00:23
</pre>
</body>
</html>
